Linux 6.5.0-44-generic (npc2408016) 	06/24/2025 	_x86_64_	(22 CPU)

09:46:42 AM   UID       PID    %usr %system  %guest   %wait    %CPU   CPU  Command
09:46:43 AM  1000     21711    1.00    1.00    0.00    0.00    2.00     6  listener
09:46:43 AM  1000     21713    0.00    0.00    0.00    0.00    0.00    16  listener

09:46:43 AM   UID       PID    %usr %system  %guest   %wait    %CPU   CPU  Command
09:46:44 AM  1000     21711    1.00    2.00    0.00    0.00    3.00     6  listener
09:46:44 AM  1000     21713    0.00    0.00    0.00    0.00    0.00    16  listener

09:46:44 AM   UID       PID    %usr %system  %guest   %wait    %CPU   CPU  Command
09:46:45 AM  1000     21711    1.00    2.00    0.00    0.00    3.00     6  listener
09:46:45 AM  1000     21713    0.00    0.00    0.00    0.00    0.00    16  listener

09:46:45 AM   UID       PID    %usr %system  %guest   %wait    %CPU   CPU  Command
09:46:46 AM  1000     21711    1.00    2.00    0.00    0.00    3.00     6  listener
09:46:46 AM  1000     21713    0.00    0.00    0.00    0.00    0.00    16  listener

09:46:46 AM   UID       PID    %usr %system  %guest   %wait    %CPU   CPU  Command
09:46:47 AM  1000     21711    1.00    2.00    0.00    0.00    3.00     6  listener
09:46:47 AM  1000     21713    0.00    0.00    0.00    0.00    0.00    16  listener

09:46:47 AM   UID       PID    %usr %system  %guest   %wait    %CPU   CPU  Command
09:46:48 AM  1000     21711    2.00    1.00    0.00    0.00    3.00     6  listener
09:46:48 AM  1000     21713    0.00    0.00    0.00    0.00    0.00    16  listener

09:46:48 AM   UID       PID    %usr %system  %guest   %wait    %CPU   CPU  Command
09:46:49 AM  1000     21711    0.00    2.00    0.00    0.00    2.00     6  listener
09:46:49 AM  1000     21713    0.00    0.00    0.00    0.00    0.00    16  listener

09:46:49 AM   UID       PID    %usr %system  %guest   %wait    %CPU   CPU  Command
09:46:50 AM  1000     21711    3.00    1.00    0.00    0.00    4.00     6  listener
09:46:50 AM  1000     21713    0.00    0.00    0.00    0.00    0.00    16  listener

09:46:50 AM   UID       PID    %usr %system  %guest   %wait    %CPU   CPU  Command
09:46:51 AM  1000     21711    1.00    1.00    0.00    0.00    2.00     6  listener
09:46:51 AM  1000     21713    0.00    0.00    0.00    0.00    0.00    16  listener

09:46:51 AM   UID       PID    %usr %system  %guest   %wait    %CPU   CPU  Command
09:46:52 AM  1000     21711    2.00    1.00    0.00    0.00    3.00     5  listener
09:46:52 AM  1000     21713    0.00    0.00    0.00    0.00    0.00    16  listener

09:46:52 AM   UID       PID    %usr %system  %guest   %wait    %CPU   CPU  Command
09:46:53 AM  1000     21711    1.00    2.00    0.00    0.00    3.00     5  listener
09:46:53 AM  1000     21713    0.00    0.00    0.00    0.00    0.00    16  listener

09:46:53 AM   UID       PID    %usr %system  %guest   %wait    %CPU   CPU  Command
09:46:54 AM  1000     21711    1.00    2.00    0.00    0.00    3.00     5  listener
09:46:54 AM  1000     21713    0.00    0.00    0.00    0.00    0.00    16  listener

09:46:54 AM   UID       PID    %usr %system  %guest   %wait    %CPU   CPU  Command
09:46:55 AM  1000     21711    1.00    1.00    0.00    0.00    2.00     5  listener
09:46:55 AM  1000     21713    0.00    0.00    0.00    0.00    0.00    16  listener

09:46:55 AM   UID       PID    %usr %system  %guest   %wait    %CPU   CPU  Command
09:46:56 AM  1000     21711    1.00    2.00    0.00    0.00    3.00     5  listener
09:46:56 AM  1000     21713    0.00    0.00    0.00    0.00    0.00    16  listener

09:46:56 AM   UID       PID    %usr %system  %guest   %wait    %CPU   CPU  Command
09:46:57 AM  1000     21711    1.00    2.00    0.00    0.00    3.00     5  listener
09:46:57 AM  1000     21713    0.00    0.00    0.00    0.00    0.00    16  listener

09:46:57 AM   UID       PID    %usr %system  %guest   %wait    %CPU   CPU  Command
09:46:58 AM  1000     21711    2.00    0.00    0.00    0.00    2.00     5  listener
09:46:58 AM  1000     21713    0.00    0.00    0.00    0.00    0.00    16  listener

09:46:58 AM   UID       PID    %usr %system  %guest   %wait    %CPU   CPU  Command
09:46:59 AM  1000     21711    1.00    3.00    0.00    0.00    4.00     5  listener
09:46:59 AM  1000     21713    0.00    0.00    0.00    0.00    0.00    16  listener

09:46:59 AM   UID       PID    %usr %system  %guest   %wait    %CPU   CPU  Command
09:47:00 AM  1000     21711    2.00    0.00    0.00    0.00    2.00     5  listener
09:47:00 AM  1000     21713    0.00    0.00    0.00    0.00    0.00    16  listener

09:47:00 AM   UID       PID    %usr %system  %guest   %wait    %CPU   CPU  Command
09:47:01 AM  1000     21711    2.00    1.00    0.00    0.00    3.00     5  listener
09:47:01 AM  1000     21713    0.00    0.00    0.00    0.00    0.00    16  listener

09:47:01 AM   UID       PID    %usr %system  %guest   %wait    %CPU   CPU  Command
09:47:02 AM  1000     21711    0.00    3.00    0.00    0.00    3.00     5  listener
09:47:02 AM  1000     21713    0.00    0.00    0.00    0.00    0.00    16  listener

09:47:02 AM   UID       PID    %usr %system  %guest   %wait    %CPU   CPU  Command
09:47:03 AM  1000     21711    1.00    2.00    0.00    0.00    3.00     5  listener
09:47:03 AM  1000     21713    0.00    0.00    0.00    0.00    0.00    16  listener

09:47:03 AM   UID       PID    %usr %system  %guest   %wait    %CPU   CPU  Command
09:47:04 AM  1000     21711    1.00    1.00    0.00    0.00    2.00     6  listener
09:47:04 AM  1000     21713    0.00    0.00    0.00    0.00    0.00    16  listener

09:47:04 AM   UID       PID    %usr %system  %guest   %wait    %CPU   CPU  Command
09:47:05 AM  1000     21711    2.00    1.00    0.00    0.00    3.00    15  listener
09:47:05 AM  1000     21713    0.00    0.00    0.00    0.00    0.00    16  listener

09:47:05 AM   UID       PID    %usr %system  %guest   %wait    %CPU   CPU  Command
09:47:06 AM  1000     21711    1.00    1.00    0.00    0.00    2.00    15  listener
09:47:06 AM  1000     21713    0.00    0.00    0.00    0.00    0.00    16  listener

09:47:06 AM   UID       PID    %usr %system  %guest   %wait    %CPU   CPU  Command
09:47:07 AM  1000     21711    1.00    2.00    0.00    0.00    3.00    15  listener
09:47:07 AM  1000     21713    0.00    0.00    0.00    0.00    0.00    16  listener

09:47:07 AM   UID       PID    %usr %system  %guest   %wait    %CPU   CPU  Command
09:47:08 AM  1000     21711    2.00    1.00    0.00    0.00    3.00    15  listener
09:47:08 AM  1000     21713    0.00    0.00    0.00    0.00    0.00    16  listener

09:47:08 AM   UID       PID    %usr %system  %guest   %wait    %CPU   CPU  Command
09:47:09 AM  1000     21711    2.00    1.00    0.00    0.00    3.00    15  listener
09:47:09 AM  1000     21713    0.00    0.00    0.00    0.00    0.00    16  listener

09:47:09 AM   UID       PID    %usr %system  %guest   %wait    %CPU   CPU  Command
09:47:10 AM  1000     21711    1.00    2.00    0.00    0.00    3.00    16  listener
09:47:10 AM  1000     21713    0.00    0.00    0.00    0.00    0.00    16  listener

09:47:10 AM   UID       PID    %usr %system  %guest   %wait    %CPU   CPU  Command
09:47:11 AM  1000     21711    1.00    1.00    0.00    0.00    2.00    16  listener
09:47:11 AM  1000     21713    0.00    0.00    0.00    0.00    0.00    16  listener

09:47:11 AM   UID       PID    %usr %system  %guest   %wait    %CPU   CPU  Command
09:47:12 AM  1000     21711    0.00    3.00    0.00    0.00    3.00    16  listener
09:47:12 AM  1000     21713    0.00    0.00    0.00    0.00    0.00    16  listener

09:47:12 AM   UID       PID    %usr %system  %guest   %wait    %CPU   CPU  Command
09:47:13 AM  1000     21711    1.00    2.00    0.00    0.00    3.00    16  listener
09:47:13 AM  1000     21713    0.00    0.00    0.00    0.00    0.00    16  listener

09:47:13 AM   UID       PID    %usr %system  %guest   %wait    %CPU   CPU  Command
09:47:14 AM  1000     21711    1.00    1.00    0.00    0.00    2.00    16  listener
09:47:14 AM  1000     21713    0.00    0.00    0.00    0.00    0.00     8  listener

09:47:14 AM   UID       PID    %usr %system  %guest   %wait    %CPU   CPU  Command
09:47:15 AM  1000     21711    2.00    1.00    0.00    0.00    3.00    16  listener
09:47:15 AM  1000     21713    0.00    0.00    0.00    0.00    0.00     8  listener

09:47:15 AM   UID       PID    %usr %system  %guest   %wait    %CPU   CPU  Command
09:47:16 AM  1000     21711    0.00    3.00    0.00    0.00    3.00    16  listener
09:47:16 AM  1000     21713    0.00    0.00    0.00    0.00    0.00     8  listener

09:47:16 AM   UID       PID    %usr %system  %guest   %wait    %CPU   CPU  Command
09:47:17 AM  1000     21711    0.00    2.00    0.00    0.00    2.00    16  listener
09:47:17 AM  1000     21713    0.00    0.00    0.00    0.00    0.00     8  listener

09:47:17 AM   UID       PID    %usr %system  %guest   %wait    %CPU   CPU  Command
09:47:18 AM  1000     21711    2.00    2.00    0.00    0.00    4.00    16  listener
09:47:18 AM  1000     21713    0.00    0.00    0.00    0.00    0.00     8  listener

09:47:18 AM   UID       PID    %usr %system  %guest   %wait    %CPU   CPU  Command
09:47:19 AM  1000     21711    1.00    1.00    0.00    0.00    2.00    16  listener
09:47:19 AM  1000     21713    0.00    0.00    0.00    0.00    0.00     8  listener

09:47:19 AM   UID       PID    %usr %system  %guest   %wait    %CPU   CPU  Command
09:47:20 AM  1000     21711    1.00    1.00    0.00    0.00    2.00    16  listener
09:47:20 AM  1000     21713    0.00    0.00    0.00    0.00    0.00     8  listener

09:47:20 AM   UID       PID    %usr %system  %guest   %wait    %CPU   CPU  Command
09:47:21 AM  1000     21711    2.00    1.00    0.00    0.00    3.00    16  listener
09:47:21 AM  1000     21713    0.00    0.00    0.00    0.00    0.00     8  listener

09:47:21 AM   UID       PID    %usr %system  %guest   %wait    %CPU   CPU  Command
09:47:22 AM  1000     21711    1.00    1.00    0.00    0.00    2.00    16  listener
09:47:22 AM  1000     21713    0.00    0.00    0.00    0.00    0.00     8  listener

09:47:22 AM   UID       PID    %usr %system  %guest   %wait    %CPU   CPU  Command
09:47:23 AM  1000     21711    3.00    0.00    0.00    0.00    3.00    16  listener
09:47:23 AM  1000     21713    0.00    0.00    0.00    0.00    0.00     8  listener

09:47:23 AM   UID       PID    %usr %system  %guest   %wait    %CPU   CPU  Command
09:47:24 AM  1000     21711    1.00    2.00    0.00    0.00    3.00     6  listener
09:47:24 AM  1000     21713    0.00    0.00    0.00    0.00    0.00     8  listener

09:47:24 AM   UID       PID    %usr %system  %guest   %wait    %CPU   CPU  Command
09:47:25 AM  1000     21711    1.00    1.00    0.00    0.00    2.00     6  listener
09:47:25 AM  1000     21713    0.00    0.00    0.00    0.00    0.00     8  listener

09:47:25 AM   UID       PID    %usr %system  %guest   %wait    %CPU   CPU  Command
09:47:26 AM  1000     21711    2.00    1.00    0.00    0.00    3.00     6  listener
09:47:26 AM  1000     21713    0.00    0.00    0.00    0.00    0.00     8  listener

09:47:26 AM   UID       PID    %usr %system  %guest   %wait    %CPU   CPU  Command
09:47:27 AM  1000     21711    2.00    0.00    0.00    0.00    2.00     6  listener
09:47:27 AM  1000     21713    0.00    0.00    0.00    0.00    0.00     8  listener

09:47:27 AM   UID       PID    %usr %system  %guest   %wait    %CPU   CPU  Command
09:47:28 AM  1000     21711    1.00    2.00    0.00    0.00    3.00     6  listener
09:47:28 AM  1000     21713    0.00    0.00    0.00    0.00    0.00     8  listener

09:47:28 AM   UID       PID    %usr %system  %guest   %wait    %CPU   CPU  Command
09:47:29 AM  1000     21711    1.00    1.00    0.00    0.00    2.00     6  listener
09:47:29 AM  1000     21713    0.00    0.00    0.00    0.00    0.00     8  listener

09:47:29 AM   UID       PID    %usr %system  %guest   %wait    %CPU   CPU  Command
09:47:30 AM  1000     21711    2.00    1.00    0.00    0.00    3.00     6  listener
09:47:30 AM  1000     21713    0.00    0.00    0.00    0.00    0.00     8  listener

09:47:30 AM   UID       PID    %usr %system  %guest   %wait    %CPU   CPU  Command
09:47:31 AM  1000     21711    1.00    1.00    0.00    0.00    2.00     6  listener
09:47:31 AM  1000     21713    0.00    0.00    0.00    0.00    0.00     8  listener

09:47:31 AM   UID       PID    %usr %system  %guest   %wait    %CPU   CPU  Command
09:47:32 AM  1000     21711    2.00    1.00    0.00    0.00    3.00     6  listener
09:47:32 AM  1000     21713    0.00    0.00    0.00    0.00    0.00     8  listener

09:47:32 AM   UID       PID    %usr %system  %guest   %wait    %CPU   CPU  Command
09:47:33 AM  1000     21711    2.00    0.00    0.00    0.00    2.00     6  listener
09:47:33 AM  1000     21713    0.00    0.00    0.00    0.00    0.00     8  listener

09:47:33 AM   UID       PID    %usr %system  %guest   %wait    %CPU   CPU  Command
09:47:34 AM  1000     21711    2.00    2.00    0.00    0.00    4.00     6  listener
09:47:34 AM  1000     21713    0.00    0.00    0.00    0.00    0.00     8  listener

09:47:34 AM   UID       PID    %usr %system  %guest   %wait    %CPU   CPU  Command
09:47:35 AM  1000     21711    2.00    0.00    0.00    0.00    2.00     6  listener
09:47:35 AM  1000     21713    0.00    0.00    0.00    0.00    0.00     8  listener

09:47:35 AM   UID       PID    %usr %system  %guest   %wait    %CPU   CPU  Command
09:47:36 AM  1000     21711    1.00    2.00    0.00    0.00    3.00     6  listener
09:47:36 AM  1000     21713    0.00    0.00    0.00    0.00    0.00     8  listener

09:47:36 AM   UID       PID    %usr %system  %guest   %wait    %CPU   CPU  Command
09:47:37 AM  1000     21711    2.00    1.00    0.00    0.00    3.00     6  listener
09:47:37 AM  1000     21713    0.00    0.00    0.00    0.00    0.00     8  listener

09:47:37 AM   UID       PID    %usr %system  %guest   %wait    %CPU   CPU  Command
09:47:38 AM  1000     21711    2.00    0.00    0.00    0.00    2.00     6  listener
09:47:38 AM  1000     21713    0.00    0.00    0.00    0.00    0.00     8  listener

09:47:38 AM   UID       PID    %usr %system  %guest   %wait    %CPU   CPU  Command
09:47:39 AM  1000     21711    2.00    1.00    0.00    0.00    3.00     6  listener
09:47:39 AM  1000     21713    0.00    0.00    0.00    0.00    0.00     8  listener

09:47:39 AM   UID       PID    %usr %system  %guest   %wait    %CPU   CPU  Command
09:47:40 AM  1000     21711    1.00    2.00    0.00    0.00    3.00     6  listener
09:47:40 AM  1000     21713    0.00    0.00    0.00    0.00    0.00     8  listener

09:47:40 AM   UID       PID    %usr %system  %guest   %wait    %CPU   CPU  Command
09:47:41 AM  1000     21711    0.00    2.00    0.00    0.00    2.00     6  listener
09:47:41 AM  1000     21713    0.00    0.00    0.00    0.00    0.00     8  listener

09:47:41 AM   UID       PID    %usr %system  %guest   %wait    %CPU   CPU  Command
09:47:42 AM  1000     21711    3.00    1.00    0.00    0.00    4.00     6  listener
09:47:42 AM  1000     21713    0.00    0.00    0.00    0.00    0.00     8  listener

Average:      UID       PID    %usr %system  %guest   %wait    %CPU   CPU  Command
Average:     1000     21711    1.35    1.37    0.00    0.00    2.72     -  listener
Average:     1000     21713    0.00    0.00    0.00    0.00    0.00     -  listener
