Linux 6.5.0-44-generic (npc2408016) 	06/24/2025 	_x86_64_	(22 CPU)

09:42:50 AM   UID       PID    %usr %system  %guest   %wait    %CPU   CPU  Command
09:42:51 AM  1000     21077    3.00    2.00    0.00    0.00    5.00     8  listener
09:42:51 AM  1000     21079    0.00    0.00    0.00    0.00    0.00     4  listener

09:42:51 AM   UID       PID    %usr %system  %guest   %wait    %CPU   CPU  Command
09:42:52 AM  1000     21077    5.00    1.00    0.00    0.00    6.00     8  listener
09:42:52 AM  1000     21079    0.00    0.00    0.00    0.00    0.00     4  listener

09:42:52 AM   UID       PID    %usr %system  %guest   %wait    %CPU   CPU  Command
09:42:53 AM  1000     21077    3.00    2.00    0.00    0.00    5.00     8  listener
09:42:53 AM  1000     21079    0.00    0.00    0.00    0.00    0.00     4  listener

09:42:53 AM   UID       PID    %usr %system  %guest   %wait    %CPU   CPU  Command
09:42:54 AM  1000     21077    3.00    1.00    0.00    0.00    4.00     8  listener
09:42:54 AM  1000     21079    0.00    0.00    0.00    0.00    0.00     4  listener

09:42:54 AM   UID       PID    %usr %system  %guest   %wait    %CPU   CPU  Command
09:42:55 AM  1000     21077    4.00    1.00    0.00    0.00    5.00     8  listener
09:42:55 AM  1000     21079    0.00    0.00    0.00    0.00    0.00     4  listener

09:42:55 AM   UID       PID    %usr %system  %guest   %wait    %CPU   CPU  Command
09:42:56 AM  1000     21077    2.00    3.00    0.00    0.00    5.00     8  listener
09:42:56 AM  1000     21079    0.00    0.00    0.00    0.00    0.00     4  listener

09:42:56 AM   UID       PID    %usr %system  %guest   %wait    %CPU   CPU  Command
09:42:57 AM  1000     21077    5.00    1.00    0.00    0.00    6.00     8  listener
09:42:57 AM  1000     21079    0.00    0.00    0.00    0.00    0.00     4  listener

09:42:57 AM   UID       PID    %usr %system  %guest   %wait    %CPU   CPU  Command
09:42:58 AM  1000     21077    4.00    1.00    0.00    0.00    5.00     8  listener
09:42:58 AM  1000     21079    0.00    0.00    0.00    0.00    0.00     4  listener

09:42:58 AM   UID       PID    %usr %system  %guest   %wait    %CPU   CPU  Command
09:42:59 AM  1000     21077    1.00    3.00    0.00    0.00    4.00     8  listener
09:42:59 AM  1000     21079    0.00    0.00    0.00    0.00    0.00     4  listener

09:42:59 AM   UID       PID    %usr %system  %guest   %wait    %CPU   CPU  Command
09:43:00 AM  1000     21077    4.00    2.00    0.00    0.00    6.00     8  listener
09:43:00 AM  1000     21079    0.00    0.00    0.00    0.00    0.00     4  listener

09:43:00 AM   UID       PID    %usr %system  %guest   %wait    %CPU   CPU  Command
09:43:01 AM  1000     21077    2.00    2.00    0.00    0.00    4.00     8  listener
09:43:01 AM  1000     21079    0.00    0.00    0.00    0.00    0.00     4  listener

09:43:01 AM   UID       PID    %usr %system  %guest   %wait    %CPU   CPU  Command
09:43:02 AM  1000     21077    3.00    3.00    0.00    0.00    6.00     8  listener
09:43:02 AM  1000     21079    0.00    0.00    0.00    0.00    0.00     4  listener

09:43:02 AM   UID       PID    %usr %system  %guest   %wait    %CPU   CPU  Command
09:43:03 AM  1000     21077    4.00    1.00    0.00    0.00    5.00     8  listener
09:43:03 AM  1000     21079    0.00    0.00    0.00    0.00    0.00     4  listener

09:43:03 AM   UID       PID    %usr %system  %guest   %wait    %CPU   CPU  Command
09:43:04 AM  1000     21077    1.00    3.00    0.00    0.00    4.00     8  listener
09:43:04 AM  1000     21079    0.00    0.00    0.00    0.00    0.00     4  listener

09:43:04 AM   UID       PID    %usr %system  %guest   %wait    %CPU   CPU  Command
09:43:05 AM  1000     21077    3.00    2.00    0.00    0.00    5.00     8  listener
09:43:05 AM  1000     21079    0.00    0.00    0.00    0.00    0.00     4  listener

09:43:05 AM   UID       PID    %usr %system  %guest   %wait    %CPU   CPU  Command
09:43:06 AM  1000     21077    2.00    2.00    0.00    0.00    4.00     8  listener
09:43:06 AM  1000     21079    0.00    0.00    0.00    0.00    0.00     4  listener

09:43:06 AM   UID       PID    %usr %system  %guest   %wait    %CPU   CPU  Command
09:43:07 AM  1000     21077    4.00    1.00    0.00    0.00    5.00     8  listener
09:43:07 AM  1000     21079    0.00    0.00    0.00    0.00    0.00     4  listener

09:43:07 AM   UID       PID    %usr %system  %guest   %wait    %CPU   CPU  Command
09:43:08 AM  1000     21077    4.00    1.00    0.00    0.00    5.00    16  listener
09:43:08 AM  1000     21079    0.00    0.00    0.00    0.00    0.00     4  listener

09:43:08 AM   UID       PID    %usr %system  %guest   %wait    %CPU   CPU  Command
09:43:09 AM  1000     21077    3.00    2.00    0.00    0.00    5.00    16  listener
09:43:09 AM  1000     21079    0.00    0.00    0.00    0.00    0.00     4  listener

09:43:09 AM   UID       PID    %usr %system  %guest   %wait    %CPU   CPU  Command
09:43:10 AM  1000     21077    4.00    1.00    0.00    0.00    5.00    16  listener
09:43:10 AM  1000     21079    0.00    0.00    0.00    0.00    0.00     4  listener

09:43:10 AM   UID       PID    %usr %system  %guest   %wait    %CPU   CPU  Command
09:43:11 AM  1000     21077    3.00    1.00    0.00    0.00    4.00    16  listener
09:43:11 AM  1000     21079    0.00    0.00    0.00    0.00    0.00     4  listener

09:43:11 AM   UID       PID    %usr %system  %guest   %wait    %CPU   CPU  Command
09:43:12 AM  1000     21077    4.00    2.00    0.00    0.00    6.00    16  listener
09:43:12 AM  1000     21079    0.00    0.00    0.00    0.00    0.00     4  listener

09:43:12 AM   UID       PID    %usr %system  %guest   %wait    %CPU   CPU  Command
09:43:13 AM  1000     21077    4.00    1.00    0.00    0.00    5.00    16  listener
09:43:13 AM  1000     21079    0.00    0.00    0.00    0.00    0.00     4  listener

09:43:13 AM   UID       PID    %usr %system  %guest   %wait    %CPU   CPU  Command
09:43:14 AM  1000     21077    3.00    1.00    0.00    0.00    4.00    16  listener
09:43:14 AM  1000     21079    0.00    0.00    0.00    0.00    0.00     4  listener

09:43:14 AM   UID       PID    %usr %system  %guest   %wait    %CPU   CPU  Command
09:43:15 AM  1000     21077    3.00    2.00    0.00    0.00    5.00    16  listener
09:43:15 AM  1000     21079    0.00    0.00    0.00    0.00    0.00     4  listener

09:43:15 AM   UID       PID    %usr %system  %guest   %wait    %CPU   CPU  Command
09:43:16 AM  1000     21077    4.00    2.00    0.00    0.00    6.00    16  listener
09:43:16 AM  1000     21079    0.00    0.00    0.00    0.00    0.00     4  listener

09:43:16 AM   UID       PID    %usr %system  %guest   %wait    %CPU   CPU  Command
09:43:17 AM  1000     21077    2.00    3.00    0.00    0.00    5.00    16  listener
09:43:17 AM  1000     21079    0.00    0.00    0.00    0.00    0.00     4  listener

09:43:17 AM   UID       PID    %usr %system  %guest   %wait    %CPU   CPU  Command
09:43:18 AM  1000     21077    2.00    2.00    0.00    0.00    4.00    16  listener
09:43:18 AM  1000     21079    0.00    0.00    0.00    0.00    0.00     4  listener

09:43:18 AM   UID       PID    %usr %system  %guest   %wait    %CPU   CPU  Command
09:43:19 AM  1000     21077    4.00    1.00    0.00    0.00    5.00    16  listener
09:43:19 AM  1000     21079    0.00    0.00    0.00    0.00    0.00     4  listener

09:43:19 AM   UID       PID    %usr %system  %guest   %wait    %CPU   CPU  Command
09:43:20 AM  1000     21077    2.00    3.00    0.00    0.00    5.00    16  listener
09:43:20 AM  1000     21079    0.00    0.00    0.00    0.00    0.00     4  listener

09:43:20 AM   UID       PID    %usr %system  %guest   %wait    %CPU   CPU  Command
09:43:21 AM  1000     21077    3.00    2.00    0.00    0.00    5.00    10  listener
09:43:21 AM  1000     21079    0.00    0.00    0.00    0.00    0.00     4  listener

09:43:21 AM   UID       PID    %usr %system  %guest   %wait    %CPU   CPU  Command
09:43:22 AM  1000     21077    5.00    0.00    0.00    0.00    5.00    10  listener
09:43:22 AM  1000     21079    0.00    0.00    0.00    0.00    0.00     4  listener

09:43:22 AM   UID       PID    %usr %system  %guest   %wait    %CPU   CPU  Command
09:43:23 AM  1000     21077    3.00    1.00    0.00    0.00    4.00    10  listener
09:43:23 AM  1000     21079    0.00    0.00    0.00    0.00    0.00     4  listener

09:43:23 AM   UID       PID    %usr %system  %guest   %wait    %CPU   CPU  Command
09:43:24 AM  1000     21077    3.00    2.00    0.00    0.00    5.00    10  listener
09:43:24 AM  1000     21079    0.00    0.00    0.00    0.00    0.00     4  listener

09:43:24 AM   UID       PID    %usr %system  %guest   %wait    %CPU   CPU  Command
09:43:25 AM  1000     21077    3.00    2.00    0.00    0.00    5.00    10  listener
09:43:25 AM  1000     21079    0.00    0.00    0.00    0.00    0.00     4  listener

09:43:25 AM   UID       PID    %usr %system  %guest   %wait    %CPU   CPU  Command
09:43:26 AM  1000     21077    2.00    2.00    0.00    0.00    4.00    10  listener
09:43:26 AM  1000     21079    0.00    0.00    0.00    0.00    0.00     4  listener

09:43:26 AM   UID       PID    %usr %system  %guest   %wait    %CPU   CPU  Command
09:43:27 AM  1000     21077    3.00    3.00    0.00    0.00    6.00    10  listener
09:43:27 AM  1000     21079    0.00    0.00    0.00    0.00    0.00     4  listener

09:43:27 AM   UID       PID    %usr %system  %guest   %wait    %CPU   CPU  Command
09:43:28 AM  1000     21077    4.00    1.00    0.00    0.00    5.00    10  listener
09:43:28 AM  1000     21079    0.00    0.00    0.00    0.00    0.00     4  listener

09:43:28 AM   UID       PID    %usr %system  %guest   %wait    %CPU   CPU  Command
09:43:29 AM  1000     21077    3.00    1.00    0.00    0.00    4.00    10  listener
09:43:29 AM  1000     21079    0.00    0.00    0.00    0.00    0.00     4  listener

09:43:29 AM   UID       PID    %usr %system  %guest   %wait    %CPU   CPU  Command
09:43:30 AM  1000     21077    3.00    2.00    0.00    0.00    5.00    16  listener
09:43:30 AM  1000     21079    0.00    0.00    0.00    0.00    0.00     4  listener

09:43:30 AM   UID       PID    %usr %system  %guest   %wait    %CPU   CPU  Command
09:43:31 AM  1000     21077    2.00    2.00    0.00    0.00    4.00     7  listener
09:43:31 AM  1000     21079    0.00    0.00    0.00    0.00    0.00     4  listener

09:43:31 AM   UID       PID    %usr %system  %guest   %wait    %CPU   CPU  Command
09:43:32 AM  1000     21077    4.00    2.00    0.00    0.00    6.00     7  listener
09:43:32 AM  1000     21079    0.00    0.00    0.00    0.00    0.00     4  listener

09:43:32 AM   UID       PID    %usr %system  %guest   %wait    %CPU   CPU  Command
09:43:33 AM  1000     21077    4.00    1.00    0.00    0.00    5.00     7  listener
09:43:33 AM  1000     21079    0.00    0.00    0.00    0.00    0.00     4  listener

09:43:33 AM   UID       PID    %usr %system  %guest   %wait    %CPU   CPU  Command
09:43:34 AM  1000     21077    4.00    1.00    0.00    0.00    5.00     7  listener
09:43:34 AM  1000     21079    0.00    0.00    0.00    0.00    0.00     4  listener

09:43:34 AM   UID       PID    %usr %system  %guest   %wait    %CPU   CPU  Command
09:43:35 AM  1000     21077    4.00    1.00    0.00    0.00    5.00     7  listener
09:43:35 AM  1000     21079    0.00    0.00    0.00    0.00    0.00     4  listener

09:43:35 AM   UID       PID    %usr %system  %guest   %wait    %CPU   CPU  Command
09:43:36 AM  1000     21077    4.00    0.00    0.00    0.00    4.00     7  listener
09:43:36 AM  1000     21079    0.00    0.00    0.00    0.00    0.00     4  listener

09:43:36 AM   UID       PID    %usr %system  %guest   %wait    %CPU   CPU  Command
09:43:37 AM  1000     21077    2.00    2.00    0.00    0.00    4.00     7  listener
09:43:37 AM  1000     21079    0.00    0.00    0.00    0.00    0.00     4  listener

09:43:37 AM   UID       PID    %usr %system  %guest   %wait    %CPU   CPU  Command
09:43:38 AM  1000     21077    4.00    1.00    0.00    0.00    5.00     7  listener
09:43:38 AM  1000     21079    0.00    0.00    0.00    0.00    0.00     4  listener

09:43:38 AM   UID       PID    %usr %system  %guest   %wait    %CPU   CPU  Command
09:43:39 AM  1000     21077    2.00    3.00    0.00    0.00    5.00     7  listener
09:43:39 AM  1000     21079    0.00    0.00    0.00    0.00    0.00     4  listener

09:43:39 AM   UID       PID    %usr %system  %guest   %wait    %CPU   CPU  Command
09:43:40 AM  1000     21077    4.00    2.00    0.00    0.00    6.00     7  listener
09:43:40 AM  1000     21079    0.00    0.00    0.00    0.00    0.00     4  listener

09:43:40 AM   UID       PID    %usr %system  %guest   %wait    %CPU   CPU  Command
09:43:41 AM  1000     21077    4.00    1.00    0.00    0.00    5.00     7  listener
09:43:41 AM  1000     21079    0.00    0.00    0.00    0.00    0.00     4  listener

09:43:41 AM   UID       PID    %usr %system  %guest   %wait    %CPU   CPU  Command
09:43:42 AM  1000     21077    1.00    4.00    0.00    0.00    5.00     7  listener
09:43:42 AM  1000     21079    0.00    0.00    0.00    0.00    0.00     4  listener

09:43:42 AM   UID       PID    %usr %system  %guest   %wait    %CPU   CPU  Command
09:43:43 AM  1000     21077    5.00    0.00    0.00    0.00    5.00     7  listener
09:43:43 AM  1000     21079    0.00    0.00    0.00    0.00    0.00     4  listener

09:43:43 AM   UID       PID    %usr %system  %guest   %wait    %CPU   CPU  Command
09:43:44 AM  1000     21077    3.00    2.00    0.00    0.00    5.00     7  listener
09:43:44 AM  1000     21079    0.00    0.00    0.00    0.00    0.00     4  listener

09:43:44 AM   UID       PID    %usr %system  %guest   %wait    %CPU   CPU  Command
09:43:45 AM  1000     21077    3.00    0.00    0.00    0.00    3.00     7  listener
09:43:45 AM  1000     21079    0.00    0.00    0.00    0.00    0.00     4  listener

09:43:45 AM   UID       PID    %usr %system  %guest   %wait    %CPU   CPU  Command
09:43:46 AM  1000     21077    4.00    2.00    0.00    0.00    6.00     7  listener
09:43:46 AM  1000     21079    0.00    0.00    0.00    0.00    0.00     4  listener

09:43:46 AM   UID       PID    %usr %system  %guest   %wait    %CPU   CPU  Command
09:43:47 AM  1000     21077    4.00    1.00    0.00    0.00    5.00    10  listener
09:43:47 AM  1000     21079    0.00    0.00    0.00    0.00    0.00     4  listener

09:43:47 AM   UID       PID    %usr %system  %guest   %wait    %CPU   CPU  Command
09:43:48 AM  1000     21077    3.00    2.00    0.00    0.00    5.00     7  listener
09:43:48 AM  1000     21079    0.00    0.00    0.00    0.00    0.00     4  listener

09:43:48 AM   UID       PID    %usr %system  %guest   %wait    %CPU   CPU  Command
09:43:49 AM  1000     21077    3.00    2.00    0.00    0.00    5.00     7  listener
09:43:49 AM  1000     21079    0.00    0.00    0.00    0.00    0.00     4  listener

09:43:49 AM   UID       PID    %usr %system  %guest   %wait    %CPU   CPU  Command
09:43:50 AM  1000     21077    2.00    2.00    0.00    0.00    4.00     7  listener
09:43:50 AM  1000     21079    0.00    0.00    0.00    0.00    0.00     4  listener

Average:      UID       PID    %usr %system  %guest   %wait    %CPU   CPU  Command
Average:     1000     21077    3.22    1.67    0.00    0.00    4.88     -  listener
Average:     1000     21079    0.00    0.00    0.00    0.00    0.00     -  listener
