Linux 6.5.0-44-generic (npc2408016) 	06/25/2025 	_x86_64_	(22 CPU)

08:33:20 AM   UID       PID    %usr %system  %guest   %wait    %CPU   CPU  Command
08:33:21 AM  1000      6929   20.00   15.00    0.00    0.00   35.00     1  listener
08:33:21 AM  1000      6931    0.00    0.00    0.00    0.00    0.00    10  listener

08:33:21 AM   UID       PID    %usr %system  %guest   %wait    %CPU   CPU  Command
08:33:22 AM  1000      6929   20.00   15.00    0.00    0.00   35.00     3  listener
08:33:22 AM  1000      6931    0.00    0.00    0.00    0.00    0.00    10  listener

08:33:22 AM   UID       PID    %usr %system  %guest   %wait    %CPU   CPU  Command
08:33:23 AM  1000      6929   18.00   16.00    0.00    0.00   34.00     3  listener
08:33:23 AM  1000      6931    0.00    0.00    0.00    0.00    0.00    10  listener

08:33:23 AM   UID       PID    %usr %system  %guest   %wait    %CPU   CPU  Command
08:33:24 AM  1000      6929   14.00   19.00    0.00    0.00   33.00     3  listener
08:33:24 AM  1000      6931    0.00    0.00    0.00    0.00    0.00    10  listener

08:33:24 AM   UID       PID    %usr %system  %guest   %wait    %CPU   CPU  Command
08:33:25 AM  1000      6929   17.00   17.00    0.00    0.00   34.00     3  listener
08:33:25 AM  1000      6931    0.00    0.00    0.00    0.00    0.00    10  listener

08:33:25 AM   UID       PID    %usr %system  %guest   %wait    %CPU   CPU  Command
08:33:26 AM  1000      6929   16.00   18.00    0.00    0.00   34.00     8  listener
08:33:26 AM  1000      6931    0.00    0.00    0.00    0.00    0.00    10  listener

08:33:26 AM   UID       PID    %usr %system  %guest   %wait    %CPU   CPU  Command
08:33:27 AM  1000      6929   18.00   15.00    0.00    0.00   33.00     3  listener
08:33:27 AM  1000      6931    0.00    0.00    0.00    0.00    0.00    10  listener

08:33:27 AM   UID       PID    %usr %system  %guest   %wait    %CPU   CPU  Command
08:33:28 AM  1000      6929   18.00   16.00    0.00    0.00   34.00     1  listener
08:33:28 AM  1000      6931    0.00    0.00    0.00    0.00    0.00    10  listener

08:33:28 AM   UID       PID    %usr %system  %guest   %wait    %CPU   CPU  Command
08:33:29 AM  1000      6929   18.00   15.00    0.00    0.00   33.00     3  listener
08:33:29 AM  1000      6931    0.00    0.00    0.00    0.00    0.00    10  listener

08:33:29 AM   UID       PID    %usr %system  %guest   %wait    %CPU   CPU  Command
08:33:30 AM  1000      6929   18.00   16.00    0.00    0.00   34.00     1  listener
08:33:30 AM  1000      6931    0.00    0.00    0.00    0.00    0.00    10  listener

08:33:30 AM   UID       PID    %usr %system  %guest   %wait    %CPU   CPU  Command
08:33:31 AM  1000      6929   16.00   17.00    0.00    0.00   33.00     3  listener
08:33:31 AM  1000      6931    0.00    0.00    0.00    0.00    0.00    10  listener

08:33:31 AM   UID       PID    %usr %system  %guest   %wait    %CPU   CPU  Command
08:33:32 AM  1000      6929   13.00   20.00    0.00    0.00   33.00     1  listener
08:33:32 AM  1000      6931    0.00    0.00    0.00    0.00    0.00    10  listener

08:33:32 AM   UID       PID    %usr %system  %guest   %wait    %CPU   CPU  Command
08:33:33 AM  1000      6929   19.00   15.00    0.00    0.00   34.00     1  listener
08:33:33 AM  1000      6931    0.00    0.00    0.00    0.00    0.00    10  listener

08:33:33 AM   UID       PID    %usr %system  %guest   %wait    %CPU   CPU  Command
08:33:34 AM  1000      6929   15.00   17.00    0.00    0.00   32.00     1  listener
08:33:34 AM  1000      6931    0.00    0.00    0.00    0.00    0.00    10  listener

08:33:34 AM   UID       PID    %usr %system  %guest   %wait    %CPU   CPU  Command
08:33:35 AM  1000      6929   20.00   14.00    0.00    0.00   34.00     5  listener
08:33:35 AM  1000      6931    0.00    0.00    0.00    0.00    0.00    10  listener

08:33:35 AM   UID       PID    %usr %system  %guest   %wait    %CPU   CPU  Command
08:33:36 AM  1000      6929   19.00   14.00    0.00    0.00   33.00     5  listener
08:33:36 AM  1000      6931    0.00    0.00    0.00    0.00    0.00    10  listener

08:33:36 AM   UID       PID    %usr %system  %guest   %wait    %CPU   CPU  Command
08:33:37 AM  1000      6929   14.00   21.00    0.00    0.00   35.00     1  listener
08:33:37 AM  1000      6931    0.00    0.00    0.00    0.00    0.00    10  listener

08:33:37 AM   UID       PID    %usr %system  %guest   %wait    %CPU   CPU  Command
08:33:38 AM  1000      6929   13.00   19.00    0.00    0.00   32.00    11  listener
08:33:38 AM  1000      6931    0.00    0.00    0.00    0.00    0.00    10  listener

08:33:38 AM   UID       PID    %usr %system  %guest   %wait    %CPU   CPU  Command
08:33:39 AM  1000      6929   14.00   20.00    0.00    0.00   34.00     4  listener
08:33:39 AM  1000      6931    0.00    0.00    0.00    0.00    0.00    10  listener

08:33:39 AM   UID       PID    %usr %system  %guest   %wait    %CPU   CPU  Command
08:33:40 AM  1000      6929   15.00   19.00    0.00    0.00   34.00     4  listener
08:33:40 AM  1000      6931    0.00    0.00    0.00    0.00    0.00    10  listener

08:33:40 AM   UID       PID    %usr %system  %guest   %wait    %CPU   CPU  Command
08:33:41 AM  1000      6929   11.00   23.00    0.00    0.00   34.00     4  listener
08:33:41 AM  1000      6931    0.00    0.00    0.00    0.00    0.00    10  listener

08:33:41 AM   UID       PID    %usr %system  %guest   %wait    %CPU   CPU  Command
08:33:42 AM  1000      6929   13.00   20.00    0.00    0.00   33.00    10  listener
08:33:42 AM  1000      6931    0.00    0.00    0.00    0.00    0.00    10  listener

08:33:42 AM   UID       PID    %usr %system  %guest   %wait    %CPU   CPU  Command
08:33:43 AM  1000      6929   17.00   16.00    0.00    0.00   33.00     1  listener
08:33:43 AM  1000      6931    0.00    0.00    0.00    0.00    0.00    10  listener

08:33:43 AM   UID       PID    %usr %system  %guest   %wait    %CPU   CPU  Command
08:33:44 AM  1000      6929   14.00   21.00    0.00    0.00   35.00     1  listener
08:33:44 AM  1000      6931    0.00    0.00    0.00    0.00    0.00    10  listener

08:33:44 AM   UID       PID    %usr %system  %guest   %wait    %CPU   CPU  Command
08:33:45 AM  1000      6929   12.00   21.00    0.00    0.00   33.00     1  listener
08:33:45 AM  1000      6931    0.00    0.00    0.00    0.00    0.00    10  listener

08:33:45 AM   UID       PID    %usr %system  %guest   %wait    %CPU   CPU  Command
08:33:46 AM  1000      6929   17.00   17.00    0.00    0.00   34.00     8  listener
08:33:46 AM  1000      6931    0.00    0.00    0.00    0.00    0.00    10  listener

08:33:46 AM   UID       PID    %usr %system  %guest   %wait    %CPU   CPU  Command
08:33:47 AM  1000      6929   16.00   17.00    0.00    0.00   33.00    12  listener
08:33:47 AM  1000      6931    0.00    0.00    0.00    0.00    0.00    10  listener

08:33:47 AM   UID       PID    %usr %system  %guest   %wait    %CPU   CPU  Command
08:33:48 AM  1000      6929   14.00   21.00    0.00    0.00   35.00     8  listener
08:33:48 AM  1000      6931    0.00    0.00    0.00    0.00    0.00    10  listener

08:33:48 AM   UID       PID    %usr %system  %guest   %wait    %CPU   CPU  Command
08:33:49 AM  1000      6929   13.00   20.00    0.00    0.00   33.00     1  listener
08:33:49 AM  1000      6931    0.00    0.00    0.00    0.00    0.00    10  listener

08:33:49 AM   UID       PID    %usr %system  %guest   %wait    %CPU   CPU  Command
08:33:50 AM  1000      6929   20.00   15.00    0.00    0.00   35.00     8  listener
08:33:50 AM  1000      6931    0.00    0.00    0.00    0.00    0.00    10  listener

08:33:50 AM   UID       PID    %usr %system  %guest   %wait    %CPU   CPU  Command
08:33:51 AM  1000      6929   18.00   14.00    0.00    0.00   32.00     8  listener
08:33:51 AM  1000      6931    0.00    0.00    0.00    0.00    0.00    10  listener

08:33:51 AM   UID       PID    %usr %system  %guest   %wait    %CPU   CPU  Command
08:33:52 AM  1000      6929   16.00   17.00    0.00    0.00   33.00     4  listener
08:33:52 AM  1000      6931    0.00    0.00    0.00    0.00    0.00    10  listener

08:33:52 AM   UID       PID    %usr %system  %guest   %wait    %CPU   CPU  Command
08:33:53 AM  1000      6929   17.00   17.00    0.00    0.00   34.00     7  listener
08:33:53 AM  1000      6931    0.00    0.00    0.00    0.00    0.00    10  listener

08:33:53 AM   UID       PID    %usr %system  %guest   %wait    %CPU   CPU  Command
08:33:54 AM  1000      6929   16.00   18.00    0.00    0.00   34.00     1  listener
08:33:54 AM  1000      6931    0.00    0.00    0.00    0.00    0.00    10  listener

08:33:54 AM   UID       PID    %usr %system  %guest   %wait    %CPU   CPU  Command
08:33:55 AM  1000      6929   15.00   18.00    0.00    0.00   33.00     5  listener
08:33:55 AM  1000      6931    0.00    0.00    0.00    0.00    0.00    10  listener

08:33:55 AM   UID       PID    %usr %system  %guest   %wait    %CPU   CPU  Command
08:33:56 AM  1000      6929   17.00   16.00    0.00    0.00   33.00     1  listener
08:33:56 AM  1000      6931    0.00    0.00    0.00    0.00    0.00    10  listener

08:33:56 AM   UID       PID    %usr %system  %guest   %wait    %CPU   CPU  Command
08:33:57 AM  1000      6929   16.00   18.00    0.00    0.00   34.00     3  listener
08:33:57 AM  1000      6931    0.00    0.00    0.00    0.00    0.00     6  listener

08:33:57 AM   UID       PID    %usr %system  %guest   %wait    %CPU   CPU  Command
08:33:58 AM  1000      6929   14.00   20.00    0.00    0.00   34.00     3  listener
08:33:58 AM  1000      6931    0.00    0.00    0.00    0.00    0.00     6  listener

08:33:58 AM   UID       PID    %usr %system  %guest   %wait    %CPU   CPU  Command
08:33:59 AM  1000      6929   17.00   15.00    0.00    0.00   32.00     1  listener
08:33:59 AM  1000      6931    0.00    0.00    0.00    0.00    0.00     6  listener

08:33:59 AM   UID       PID    %usr %system  %guest   %wait    %CPU   CPU  Command
08:34:00 AM  1000      6929   13.00   21.00    0.00    0.00   34.00     1  listener
08:34:00 AM  1000      6931    0.00    0.00    0.00    0.00    0.00     6  listener

08:34:00 AM   UID       PID    %usr %system  %guest   %wait    %CPU   CPU  Command
08:34:01 AM  1000      6929   16.00   18.00    0.00    0.00   34.00     1  listener
08:34:01 AM  1000      6931    0.00    0.00    0.00    0.00    0.00     6  listener

08:34:01 AM   UID       PID    %usr %system  %guest   %wait    %CPU   CPU  Command
08:34:02 AM  1000      6929   14.00   17.00    0.00    0.00   31.00     6  listener
08:34:02 AM  1000      6931    0.00    0.00    0.00    0.00    0.00     6  listener

08:34:02 AM   UID       PID    %usr %system  %guest   %wait    %CPU   CPU  Command
08:34:03 AM  1000      6929   17.00   16.00    0.00    0.00   33.00     5  listener
08:34:03 AM  1000      6931    0.00    0.00    0.00    0.00    0.00     6  listener

08:34:03 AM   UID       PID    %usr %system  %guest   %wait    %CPU   CPU  Command
08:34:04 AM  1000      6929   20.00   15.00    0.00    0.00   35.00     5  listener
08:34:04 AM  1000      6931    0.00    0.00    0.00    0.00    0.00     6  listener

08:34:04 AM   UID       PID    %usr %system  %guest   %wait    %CPU   CPU  Command
08:34:05 AM  1000      6929   19.00   14.00    0.00    0.00   33.00     3  listener
08:34:05 AM  1000      6931    0.00    0.00    0.00    0.00    0.00     6  listener

08:34:05 AM   UID       PID    %usr %system  %guest   %wait    %CPU   CPU  Command
08:34:06 AM  1000      6929   15.00   19.00    0.00    0.00   34.00     3  listener
08:34:06 AM  1000      6931    0.00    0.00    0.00    0.00    0.00     6  listener

08:34:06 AM   UID       PID    %usr %system  %guest   %wait    %CPU   CPU  Command
08:34:07 AM  1000      6929   19.00   14.00    0.00    0.00   33.00     1  listener
08:34:07 AM  1000      6931    0.00    0.00    0.00    0.00    0.00     6  listener

08:34:07 AM   UID       PID    %usr %system  %guest   %wait    %CPU   CPU  Command
08:34:08 AM  1000      6929   14.00   19.00    0.00    0.00   33.00     3  listener
08:34:08 AM  1000      6931    0.00    0.00    0.00    0.00    0.00     6  listener

08:34:08 AM   UID       PID    %usr %system  %guest   %wait    %CPU   CPU  Command
08:34:09 AM  1000      6929   16.00   16.00    0.00    0.00   32.00     3  listener
08:34:09 AM  1000      6931    0.00    0.00    0.00    0.00    0.00     6  listener

08:34:09 AM   UID       PID    %usr %system  %guest   %wait    %CPU   CPU  Command
08:34:10 AM  1000      6929   15.00   18.00    0.00    0.00   33.00     3  listener
08:34:10 AM  1000      6931    0.00    0.00    0.00    0.00    0.00     6  listener

08:34:10 AM   UID       PID    %usr %system  %guest   %wait    %CPU   CPU  Command
08:34:11 AM  1000      6929   18.00   15.00    0.00    0.00   33.00    10  listener
08:34:11 AM  1000      6931    0.00    0.00    0.00    0.00    0.00     6  listener

08:34:11 AM   UID       PID    %usr %system  %guest   %wait    %CPU   CPU  Command
08:34:12 AM  1000      6929   15.00   19.00    0.00    0.00   34.00     1  listener
08:34:12 AM  1000      6931    0.00    0.00    0.00    0.00    0.00     6  listener

08:34:12 AM   UID       PID    %usr %system  %guest   %wait    %CPU   CPU  Command
08:34:13 AM  1000      6929   16.00   17.00    0.00    0.00   33.00     1  listener
08:34:13 AM  1000      6931    0.00    0.00    0.00    0.00    0.00     6  listener

08:34:13 AM   UID       PID    %usr %system  %guest   %wait    %CPU   CPU  Command
08:34:14 AM  1000      6929   16.00   17.00    0.00    0.00   33.00     1  listener
08:34:14 AM  1000      6931    0.00    0.00    0.00    0.00    0.00     6  listener

08:34:14 AM   UID       PID    %usr %system  %guest   %wait    %CPU   CPU  Command
08:34:15 AM  1000      6929   14.00   21.00    0.00    0.00   35.00     3  listener
08:34:15 AM  1000      6931    0.00    0.00    0.00    0.00    0.00     6  listener

08:34:15 AM   UID       PID    %usr %system  %guest   %wait    %CPU   CPU  Command
08:34:16 AM  1000      6929   15.00   17.00    0.00    0.00   32.00     3  listener
08:34:16 AM  1000      6931    0.00    0.00    0.00    0.00    0.00     6  listener

08:34:16 AM   UID       PID    %usr %system  %guest   %wait    %CPU   CPU  Command
08:34:17 AM  1000      6929   12.00   21.00    0.00    0.00   33.00     5  listener
08:34:17 AM  1000      6931    0.00    0.00    0.00    0.00    0.00     6  listener

08:34:17 AM   UID       PID    %usr %system  %guest   %wait    %CPU   CPU  Command
08:34:18 AM  1000      6929   13.00   21.00    0.00    0.00   34.00     0  listener
08:34:18 AM  1000      6931    0.00    0.00    0.00    0.00    0.00     6  listener

08:34:18 AM   UID       PID    %usr %system  %guest   %wait    %CPU   CPU  Command
08:34:19 AM  1000      6929   16.00   18.00    0.00    0.00   34.00     1  listener
08:34:19 AM  1000      6931    0.00    0.00    0.00    0.00    0.00     6  listener

08:34:19 AM   UID       PID    %usr %system  %guest   %wait    %CPU   CPU  Command
08:34:20 AM  1000      6929   11.00   21.00    0.00    0.00   32.00     1  listener
08:34:20 AM  1000      6931    0.00    0.00    0.00    0.00    0.00     6  listener

Average:      UID       PID    %usr %system  %guest   %wait    %CPU   CPU  Command
Average:     1000      6929   15.87   17.60    0.00    0.00   33.47     -  listener
Average:     1000      6931    0.00    0.00    0.00    0.00    0.00     -  listener
