Linux 6.5.0-44-generic (npc2408016) 	07/01/2025 	_x86_64_	(22 CPU)

11:43:17 AM   UID       PID    %usr %system  %guest   %wait    %CPU   CPU  Command
11:43:18 AM  1000     24908    0.00    0.00    0.00    0.00    0.00     4  talker
11:43:18 AM  1000     24910    0.00    0.00    0.00    0.00    0.00    11  talker
11:43:18 AM  1000     24912    1.00    0.00    0.00    0.00    1.00     1  talker
11:43:18 AM  1000     24914    1.00    0.00    0.00    0.00    1.00     3  talker
11:43:18 AM  1000     24916    0.00    0.00    0.00    0.00    0.00     3  talker

11:43:18 AM   UID       PID    %usr %system  %guest   %wait    %CPU   CPU  Command
11:43:19 AM  1000     24908    1.00    0.00    0.00    0.00    1.00    11  talker
11:43:19 AM  1000     24910    0.00    0.00    0.00    0.00    0.00    11  talker
11:43:19 AM  1000     24912    0.00    1.00    0.00    0.00    1.00     8  talker
11:43:19 AM  1000     24914    0.00    1.00    0.00    0.00    1.00     2  talker
11:43:19 AM  1000     24916    0.00    0.00    0.00    0.00    0.00     3  talker

11:43:19 AM   UID       PID    %usr %system  %guest   %wait    %CPU   CPU  Command
11:43:20 AM  1000     24908    0.00    1.00    0.00    0.00    1.00     4  talker
11:43:20 AM  1000     24910    1.00    0.00    0.00    0.00    1.00    11  talker
11:43:20 AM  1000     24912    0.00    0.00    0.00    0.00    0.00     8  talker
11:43:20 AM  1000     24914    0.00    0.00    0.00    0.00    0.00     2  talker
11:43:20 AM  1000     24916    0.00    0.00    0.00    0.00    0.00     3  talker

11:43:20 AM   UID       PID    %usr %system  %guest   %wait    %CPU   CPU  Command
11:43:21 AM  1000     24908    0.00    0.00    0.00    0.00    0.00    11  talker
11:43:21 AM  1000     24910    0.00    1.00    0.00    0.00    1.00    11  talker
11:43:21 AM  1000     24912    1.00    0.00    0.00    0.00    1.00     8  talker
11:43:21 AM  1000     24914    0.00    0.00    0.00    0.00    0.00     3  talker
11:43:21 AM  1000     24916    0.00    0.00    0.00    0.00    0.00     3  talker

11:43:21 AM   UID       PID    %usr %system  %guest   %wait    %CPU   CPU  Command
11:43:22 AM  1000     24908    1.00    0.00    0.00    0.00    1.00     4  talker
11:43:22 AM  1000     24910    0.00    0.00    0.00    0.00    0.00     6  talker
11:43:22 AM  1000     24912    0.00    0.00    0.00    0.00    0.00     8  talker
11:43:22 AM  1000     24914    1.00    0.00    0.00    0.00    1.00     2  talker
11:43:22 AM  1000     24916    0.00    0.00    0.00    0.00    0.00     3  talker

11:43:22 AM   UID       PID    %usr %system  %guest   %wait    %CPU   CPU  Command
11:43:23 AM  1000     24908    0.00    1.00    0.00    0.00    1.00     4  talker
11:43:23 AM  1000     24910    0.00    1.00    0.00    0.00    1.00    11  talker
11:43:23 AM  1000     24912    1.00    1.00    0.00    0.00    2.00     1  talker
11:43:23 AM  1000     24914    1.00    0.00    0.00    0.00    1.00     2  talker
11:43:23 AM  1000     24916    0.00    0.00    0.00    0.00    0.00     3  talker

11:43:23 AM   UID       PID    %usr %system  %guest   %wait    %CPU   CPU  Command
11:43:24 AM  1000     24908    0.00    0.00    0.00    0.00    0.00    11  talker
11:43:24 AM  1000     24910    0.00    1.00    0.00    0.00    1.00    11  talker
11:43:24 AM  1000     24912    0.00    0.00    0.00    0.00    0.00     1  talker
11:43:24 AM  1000     24914    0.00    0.00    0.00    0.00    0.00     2  talker
11:43:24 AM  1000     24916    0.00    0.00    0.00    0.00    0.00     3  talker

11:43:24 AM   UID       PID    %usr %system  %guest   %wait    %CPU   CPU  Command
11:43:25 AM  1000     24908    1.00    0.00    0.00    0.00    1.00    11  talker
11:43:25 AM  1000     24910    0.00    0.00    0.00    0.00    0.00    11  talker
11:43:25 AM  1000     24912    0.00    0.00    0.00    0.00    0.00     1  talker
11:43:25 AM  1000     24914    1.00    0.00    0.00    0.00    1.00     2  talker
11:43:25 AM  1000     24916    0.00    0.00    0.00    0.00    0.00     3  talker

11:43:25 AM   UID       PID    %usr %system  %guest   %wait    %CPU   CPU  Command
11:43:26 AM  1000     24908    0.00    1.00    0.00    0.00    1.00     4  talker
11:43:26 AM  1000     24910    0.00    1.00    0.00    0.00    1.00     6  talker
11:43:26 AM  1000     24912    1.00    0.00    0.00    0.00    1.00     3  talker
11:43:26 AM  1000     24914    0.00    1.00    0.00    0.00    1.00     2  talker
11:43:26 AM  1000     24916    0.00    0.00    0.00    0.00    0.00     3  talker

11:43:26 AM   UID       PID    %usr %system  %guest   %wait    %CPU   CPU  Command
11:43:27 AM  1000     24908    0.00    0.00    0.00    0.00    0.00     4  talker
11:43:27 AM  1000     24910    1.00    0.00    0.00    0.00    1.00    11  talker
11:43:27 AM  1000     24912    0.00    0.00    0.00    0.00    0.00     1  talker
11:43:27 AM  1000     24914    0.00    0.00    0.00    0.00    0.00     3  talker
11:43:27 AM  1000     24916    0.00    0.00    0.00    0.00    0.00     3  talker

11:43:27 AM   UID       PID    %usr %system  %guest   %wait    %CPU   CPU  Command
11:43:28 AM  1000     24908    1.00    0.00    0.00    0.00    1.00    11  talker
11:43:28 AM  1000     24910    0.00    0.00    0.00    0.00    0.00    11  talker
11:43:28 AM  1000     24912    1.00    1.00    0.00    0.00    2.00     5  talker
11:43:28 AM  1000     24914    1.00    0.00    0.00    0.00    1.00     2  talker
11:43:28 AM  1000     24916    0.00    0.00    0.00    0.00    0.00     3  talker

11:43:28 AM   UID       PID    %usr %system  %guest   %wait    %CPU   CPU  Command
11:43:29 AM  1000     24908    0.00    1.00    0.00    0.00    1.00    11  talker
11:43:29 AM  1000     24910    0.00    1.00    0.00    0.00    1.00     6  talker
11:43:29 AM  1000     24912    0.00    0.00    0.00    0.00    0.00     5  talker
11:43:29 AM  1000     24914    0.00    0.00    0.00    0.00    0.00     2  talker
11:43:29 AM  1000     24916    0.00    0.00    0.00    0.00    0.00     3  talker

11:43:29 AM   UID       PID    %usr %system  %guest   %wait    %CPU   CPU  Command
11:43:30 AM  1000     24908    0.00    0.00    0.00    0.00    0.00    11  talker
11:43:30 AM  1000     24910    0.00    0.00    0.00    0.00    0.00    11  talker
11:43:30 AM  1000     24912    1.00    0.00    0.00    0.00    1.00     3  talker
11:43:30 AM  1000     24914    0.00    1.00    0.00    0.00    1.00     3  talker
11:43:30 AM  1000     24916    0.00    0.00    0.00    0.00    0.00     1  talker

11:43:30 AM   UID       PID    %usr %system  %guest   %wait    %CPU   CPU  Command
11:43:31 AM  1000     24908    1.00    0.00    0.00    0.00    1.00     4  talker
11:43:31 AM  1000     24910    0.00    1.00    0.00    0.00    1.00     6  talker
11:43:31 AM  1000     24912    0.00    0.00    0.00    0.00    0.00     5  talker
11:43:31 AM  1000     24914    0.00    1.00    0.00    0.00    1.00     3  talker
11:43:31 AM  1000     24916    0.00    0.00    0.00    0.00    0.00     1  talker

11:43:31 AM   UID       PID    %usr %system  %guest   %wait    %CPU   CPU  Command
11:43:32 AM  1000     24908    0.00    1.00    0.00    0.00    1.00    11  talker
11:43:32 AM  1000     24910    0.00    0.00    0.00    0.00    0.00    11  talker
11:43:32 AM  1000     24912    0.00    1.00    0.00    0.00    1.00     3  talker
11:43:32 AM  1000     24914    0.00    0.00    0.00    0.00    0.00     3  talker
11:43:32 AM  1000     24916    0.00    0.00    0.00    0.00    0.00     1  talker

11:43:32 AM   UID       PID    %usr %system  %guest   %wait    %CPU   CPU  Command
11:43:33 AM  1000     24908    0.00    0.00    0.00    0.00    0.00     4  talker
11:43:33 AM  1000     24910    0.00    1.00    0.00    0.00    1.00     6  talker
11:43:33 AM  1000     24912    1.00    0.00    0.00    0.00    1.00     3  talker
11:43:33 AM  1000     24914    0.00    0.00    0.00    0.00    0.00     3  talker
11:43:33 AM  1000     24916    0.00    0.00    0.00    0.00    0.00     1  talker

11:43:33 AM   UID       PID    %usr %system  %guest   %wait    %CPU   CPU  Command
11:43:34 AM  1000     24908    1.00    0.00    0.00    0.00    1.00     4  talker
11:43:34 AM  1000     24910    0.00    0.00    0.00    0.00    0.00    11  talker
11:43:34 AM  1000     24912    0.00    0.00    0.00    0.00    0.00     3  talker
11:43:34 AM  1000     24914    1.00    0.00    0.00    0.00    1.00     3  talker
11:43:34 AM  1000     24916    0.00    0.00    0.00    0.00    0.00     1  talker

11:43:34 AM   UID       PID    %usr %system  %guest   %wait    %CPU   CPU  Command
11:43:35 AM  1000     24908    0.00    1.00    0.00    0.00    1.00     4  talker
11:43:35 AM  1000     24910    1.00    1.00    0.00    0.00    2.00     6  talker
11:43:35 AM  1000     24912    0.00    0.00    0.00    0.00    0.00     5  talker
11:43:35 AM  1000     24914    0.00    1.00    0.00    0.00    1.00     2  talker
11:43:35 AM  1000     24916    0.00    0.00    0.00    0.00    0.00     1  talker

11:43:35 AM   UID       PID    %usr %system  %guest   %wait    %CPU   CPU  Command
11:43:36 AM  1000     24908    0.00    0.00    0.00    0.00    0.00    11  talker
11:43:36 AM  1000     24910    0.00    0.00    0.00    0.00    0.00     6  talker
11:43:36 AM  1000     24912    1.00    0.00    0.00    0.00    1.00     5  talker
11:43:36 AM  1000     24914    0.00    0.00    0.00    0.00    0.00     2  talker
11:43:36 AM  1000     24916    0.00    0.00    0.00    0.00    0.00     1  talker

11:43:36 AM   UID       PID    %usr %system  %guest   %wait    %CPU   CPU  Command
11:43:37 AM  1000     24908    0.00    0.00    0.00    0.00    0.00    11  talker
11:43:37 AM  1000     24910    0.00    0.00    0.00    0.00    0.00     6  talker
11:43:37 AM  1000     24912    0.00    1.00    0.00    0.00    1.00     5  talker
11:43:37 AM  1000     24914    1.00    0.00    0.00    0.00    1.00     2  talker
11:43:37 AM  1000     24916    0.00    0.00    0.00    0.00    0.00     1  talker

11:43:37 AM   UID       PID    %usr %system  %guest   %wait    %CPU   CPU  Command
11:43:38 AM  1000     24908    1.00    1.00    0.00    0.00    2.00    11  talker
11:43:38 AM  1000     24910    0.00    1.00    0.00    0.00    1.00    15  talker
11:43:38 AM  1000     24912    1.00    0.00    0.00    0.00    1.00     5  talker
11:43:38 AM  1000     24914    0.00    0.00    0.00    0.00    0.00     2  talker
11:43:38 AM  1000     24916    0.00    0.00    0.00    0.00    0.00     1  talker

11:43:38 AM   UID       PID    %usr %system  %guest   %wait    %CPU   CPU  Command
11:43:39 AM  1000     24908    0.00    0.00    0.00    0.00    0.00    11  talker
11:43:39 AM  1000     24910    0.00    1.00    0.00    0.00    1.00     6  talker
11:43:39 AM  1000     24912    0.00    0.00    0.00    0.00    0.00     3  talker
11:43:39 AM  1000     24914    0.00    1.00    0.00    0.00    1.00     2  talker
11:43:39 AM  1000     24916    0.00    0.00    0.00    0.00    0.00     1  talker

11:43:39 AM   UID       PID    %usr %system  %guest   %wait    %CPU   CPU  Command
11:43:40 AM  1000     24908    0.00    0.00    0.00    0.00    0.00    11  talker
11:43:40 AM  1000     24910    1.00    0.00    0.00    0.00    1.00     0  talker
11:43:40 AM  1000     24912    0.00    0.00    0.00    0.00    0.00     3  talker
11:43:40 AM  1000     24914    0.00    0.00    0.00    0.00    0.00     2  talker
11:43:40 AM  1000     24916    0.00    0.00    0.00    0.00    0.00     1  talker

11:43:40 AM   UID       PID    %usr %system  %guest   %wait    %CPU   CPU  Command
11:43:41 AM  1000     24908    1.00    0.00    0.00    0.00    1.00    11  talker
11:43:41 AM  1000     24910    0.00    0.00    0.00    0.00    0.00     0  talker
11:43:41 AM  1000     24912    1.00    1.00    0.00    0.00    2.00     5  talker
11:43:41 AM  1000     24914    1.00    0.00    0.00    0.00    1.00     2  talker
11:43:41 AM  1000     24916    0.00    0.00    0.00    0.00    0.00     1  talker

11:43:41 AM   UID       PID    %usr %system  %guest   %wait    %CPU   CPU  Command
11:43:42 AM  1000     24908    0.00    1.00    0.00    0.00    1.00    11  talker
11:43:42 AM  1000     24910    0.00    1.00    0.00    0.00    1.00     0  talker
11:43:42 AM  1000     24912    0.00    0.00    0.00    0.00    0.00     5  talker
11:43:42 AM  1000     24914    0.00    0.00    0.00    0.00    0.00     2  talker
11:43:42 AM  1000     24916    0.00    0.00    0.00    0.00    0.00     1  talker

11:43:42 AM   UID       PID    %usr %system  %guest   %wait    %CPU   CPU  Command
11:43:43 AM  1000     24908    0.00    1.00    0.00    0.00    1.00    11  talker
11:43:43 AM  1000     24910    1.00    0.00    0.00    0.00    1.00     0  talker
11:43:43 AM  1000     24912    0.00    0.00    0.00    0.00    0.00     5  talker
11:43:43 AM  1000     24914    0.00    1.00    0.00    0.00    1.00     2  talker
11:43:43 AM  1000     24916    0.00    0.00    0.00    0.00    0.00     1  talker

11:43:43 AM   UID       PID    %usr %system  %guest   %wait    %CPU   CPU  Command
11:43:44 AM  1000     24908    0.00    0.00    0.00    0.00    0.00     4  talker
11:43:44 AM  1000     24910    0.00    0.00    0.00    0.00    0.00     0  talker
11:43:44 AM  1000     24912    1.00    0.00    0.00    0.00    1.00     5  talker
11:43:44 AM  1000     24914    1.00    0.00    0.00    0.00    1.00     2  talker
11:43:44 AM  1000     24916    0.00    0.00    0.00    0.00    0.00     1  talker

11:43:44 AM   UID       PID    %usr %system  %guest   %wait    %CPU   CPU  Command
11:43:45 AM  1000     24908    0.00    1.00    0.00    0.00    1.00    11  talker
11:43:45 AM  1000     24910    0.00    1.00    0.00    0.00    1.00     0  talker
11:43:45 AM  1000     24912    0.00    1.00    0.00    0.00    1.00     5  talker
11:43:45 AM  1000     24914    0.00    0.00    0.00    0.00    0.00     2  talker
11:43:45 AM  1000     24916    0.00    0.00    0.00    0.00    0.00     1  talker

11:43:45 AM   UID       PID    %usr %system  %guest   %wait    %CPU   CPU  Command
11:43:46 AM  1000     24908    0.00    0.00    0.00    0.00    0.00    11  talker
11:43:46 AM  1000     24910    1.00    0.00    0.00    0.00    1.00    12  talker
11:43:46 AM  1000     24912    1.00    0.00    0.00    0.00    1.00     3  talker
11:43:46 AM  1000     24914    0.00    1.00    0.00    0.00    1.00     2  talker
11:43:46 AM  1000     24916    0.00    0.00    0.00    0.00    0.00     1  talker

11:43:46 AM   UID       PID    %usr %system  %guest   %wait    %CPU   CPU  Command
11:43:47 AM  1000     24908    0.00    1.00    0.00    0.00    1.00    11  talker
11:43:47 AM  1000     24910    0.00    1.00    0.00    0.00    1.00     4  talker
11:43:47 AM  1000     24912    0.00    0.00    0.00    0.00    0.00     3  talker
11:43:47 AM  1000     24914    1.00    0.00    0.00    0.00    1.00     2  talker
11:43:47 AM  1000     24916    0.00    0.00    0.00    0.00    0.00     1  talker

11:43:47 AM   UID       PID    %usr %system  %guest   %wait    %CPU   CPU  Command
11:43:48 AM  1000     24908    0.00    1.00    0.00    0.00    1.00    11  talker
11:43:48 AM  1000     24910    0.00    0.00    0.00    0.00    0.00     3  talker
11:43:48 AM  1000     24912    1.00    0.00    0.00    0.00    1.00     5  talker
11:43:48 AM  1000     24914    0.00    0.00    0.00    0.00    0.00     2  talker
11:43:48 AM  1000     24916    0.00    0.00    0.00    0.00    0.00     1  talker

11:43:48 AM   UID       PID    %usr %system  %guest   %wait    %CPU   CPU  Command
11:43:49 AM  1000     24908    0.00    0.00    0.00    0.00    0.00    11  talker
11:43:49 AM  1000     24910    1.00    0.00    0.00    0.00    1.00     4  talker
11:43:49 AM  1000     24912    0.00    0.00    0.00    0.00    0.00     5  talker
11:43:49 AM  1000     24914    0.00    0.00    0.00    0.00    0.00     2  talker
11:43:49 AM  1000     24916    0.00    0.00    0.00    0.00    0.00     1  talker

11:43:49 AM   UID       PID    %usr %system  %guest   %wait    %CPU   CPU  Command
11:43:50 AM  1000     24908    1.00    0.00    0.00    0.00    1.00    11  talker
11:43:50 AM  1000     24910    0.00    1.00    0.00    0.00    1.00     4  talker
11:43:50 AM  1000     24912    0.00    1.00    0.00    0.00    1.00     5  talker
11:43:50 AM  1000     24914    1.00    1.00    0.00    0.00    2.00     2  talker
11:43:50 AM  1000     24916    0.00    0.00    0.00    0.00    0.00     1  talker

11:43:50 AM   UID       PID    %usr %system  %guest   %wait    %CPU   CPU  Command
11:43:51 AM  1000     24908    0.00    1.00    0.00    0.00    1.00    11  talker
11:43:51 AM  1000     24910    0.00    0.00    0.00    0.00    0.00     4  talker
11:43:51 AM  1000     24912    1.00    0.00    0.00    0.00    1.00     5  talker
11:43:51 AM  1000     24914    0.00    0.00    0.00    0.00    0.00     5  talker
11:43:51 AM  1000     24916    0.00    0.00    0.00    0.00    0.00     1  talker

11:43:51 AM   UID       PID    %usr %system  %guest   %wait    %CPU   CPU  Command
11:43:52 AM  1000     24908    0.00    0.00    0.00    0.00    0.00    11  talker
11:43:52 AM  1000     24910    0.00    0.00    0.00    0.00    0.00     4  talker
11:43:52 AM  1000     24912    0.00    0.00    0.00    0.00    0.00     5  talker
11:43:52 AM  1000     24914    0.00    0.00    0.00    0.00    0.00     5  talker
11:43:52 AM  1000     24916    0.00    0.00    0.00    0.00    0.00     1  talker

11:43:52 AM   UID       PID    %usr %system  %guest   %wait    %CPU   CPU  Command
11:43:53 AM  1000     24908    1.00    0.00    0.00    0.00    1.00    11  talker
11:43:53 AM  1000     24910    1.00    1.00    0.00    0.00    2.00     4  talker
11:43:53 AM  1000     24912    1.00    0.00    0.00    0.00    1.00     5  talker
11:43:53 AM  1000     24914    0.00    0.00    0.00    0.00    0.00     5  talker
11:43:53 AM  1000     24916    0.00    0.00    0.00    0.00    0.00     1  talker

11:43:53 AM   UID       PID    %usr %system  %guest   %wait    %CPU   CPU  Command
11:43:54 AM  1000     24908    0.00    0.00    0.00    0.00    0.00    11  talker
11:43:54 AM  1000     24910    0.00    0.00    0.00    0.00    0.00     3  talker
11:43:54 AM  1000     24912    0.00    1.00    0.00    0.00    1.00     5  talker
11:43:54 AM  1000     24914    0.00    1.00    0.00    0.00    1.00     5  talker
11:43:54 AM  1000     24916    0.00    0.00    0.00    0.00    0.00     1  talker

11:43:54 AM   UID       PID    %usr %system  %guest   %wait    %CPU   CPU  Command
11:43:55 AM  1000     24908    1.00    0.00    0.00    0.00    1.00    11  talker
11:43:55 AM  1000     24910    0.00    0.00    0.00    0.00    0.00     4  talker
11:43:55 AM  1000     24912    1.00    0.00    0.00    0.00    1.00     5  talker
11:43:55 AM  1000     24914    0.00    1.00    0.00    0.00    1.00     5  talker
11:43:55 AM  1000     24916    0.00    0.00    0.00    0.00    0.00     1  talker

11:43:55 AM   UID       PID    %usr %system  %guest   %wait    %CPU   CPU  Command
11:43:56 AM  1000     24908    0.00    0.00    0.00    0.00    0.00    11  talker
11:43:56 AM  1000     24910    0.00    1.00    0.00    0.00    1.00     3  talker
11:43:56 AM  1000     24912    0.00    0.00    0.00    0.00    0.00     5  talker
11:43:56 AM  1000     24914    0.00    0.00    0.00    0.00    0.00     5  talker
11:43:56 AM  1000     24916    0.00    0.00    0.00    0.00    0.00     1  talker

11:43:56 AM   UID       PID    %usr %system  %guest   %wait    %CPU   CPU  Command
11:43:57 AM  1000     24908    1.00    1.00    0.00    0.00    2.00    11  talker
11:43:57 AM  1000     24910    0.00    0.00    0.00    0.00    0.00     4  talker
11:43:57 AM  1000     24912    0.00    0.00    0.00    0.00    0.00     6  talker
11:43:57 AM  1000     24914    1.00    0.00    0.00    0.00    1.00     5  talker
11:43:57 AM  1000     24916    0.00    0.00    0.00    0.00    0.00     1  talker

11:43:57 AM   UID       PID    %usr %system  %guest   %wait    %CPU   CPU  Command
11:43:58 AM  1000     24908    0.00    0.00    0.00    0.00    0.00     4  talker
11:43:58 AM  1000     24910    1.00    1.00    0.00    0.00    2.00     4  talker
11:43:58 AM  1000     24912    1.00    0.00    0.00    0.00    1.00     5  talker
11:43:58 AM  1000     24914    0.00    0.00    0.00    0.00    0.00     5  talker
11:43:58 AM  1000     24916    0.00    0.00    0.00    0.00    0.00     1  talker

11:43:58 AM   UID       PID    %usr %system  %guest   %wait    %CPU   CPU  Command
11:43:59 AM  1000     24908    0.00    0.00    0.00    0.00    0.00    11  talker
11:43:59 AM  1000     24910    0.00    0.00    0.00    0.00    0.00     3  talker
11:43:59 AM  1000     24912    0.00    1.00    0.00    0.00    1.00     6  talker
11:43:59 AM  1000     24914    0.00    1.00    0.00    0.00    1.00     5  talker
11:43:59 AM  1000     24916    0.00    0.00    0.00    0.00    0.00     1  talker

11:43:59 AM   UID       PID    %usr %system  %guest   %wait    %CPU   CPU  Command
11:44:00 AM  1000     24908    1.00    1.00    0.00    0.00    2.00    11  talker
11:44:00 AM  1000     24910    0.00    1.00    0.00    0.00    1.00     4  talker
11:44:00 AM  1000     24912    0.00    0.00    0.00    0.00    0.00     3  talker
11:44:00 AM  1000     24914    1.00    0.00    0.00    0.00    1.00     5  talker
11:44:00 AM  1000     24916    0.00    0.00    0.00    0.00    0.00     1  talker

11:44:00 AM   UID       PID    %usr %system  %guest   %wait    %CPU   CPU  Command
11:44:01 AM  1000     24908    0.00    0.00    0.00    0.00    0.00    11  talker
11:44:01 AM  1000     24910    0.00    0.00    0.00    0.00    0.00     4  talker
11:44:01 AM  1000     24912    1.00    0.00    0.00    0.00    1.00     3  talker
11:44:01 AM  1000     24914    0.00    0.00    0.00    0.00    0.00     3  talker
11:44:01 AM  1000     24916    0.00    0.00    0.00    0.00    0.00     1  talker

11:44:01 AM   UID       PID    %usr %system  %guest   %wait    %CPU   CPU  Command
11:44:02 AM  1000     24908    0.00    0.00    0.00    0.00    0.00     4  talker
11:44:02 AM  1000     24910    1.00    0.00    0.00    0.00    1.00     5  talker
11:44:02 AM  1000     24912    0.00    0.00    0.00    0.00    0.00     5  talker
11:44:02 AM  1000     24914    0.00    1.00    0.00    0.00    1.00     5  talker
11:44:02 AM  1000     24916    0.00    0.00    0.00    0.00    0.00     1  talker

11:44:02 AM   UID       PID    %usr %system  %guest   %wait    %CPU   CPU  Command
11:44:03 AM  1000     24908    1.00    1.00    0.00    0.00    2.00     4  talker
11:44:03 AM  1000     24910    0.00    1.00    0.00    0.00    1.00     4  talker
11:44:03 AM  1000     24912    1.00    1.00    0.00    0.00    2.00     5  talker
11:44:03 AM  1000     24914    0.00    0.00    0.00    0.00    0.00     5  talker
11:44:03 AM  1000     24916    0.00    0.00    0.00    0.00    0.00     1  talker

11:44:03 AM   UID       PID    %usr %system  %guest   %wait    %CPU   CPU  Command
11:44:04 AM  1000     24908    0.00    0.00    0.00    0.00    0.00    11  talker
11:44:04 AM  1000     24910    0.00    0.00    0.00    0.00    0.00     5  talker
11:44:04 AM  1000     24912    0.00    0.00    0.00    0.00    0.00     3  talker
11:44:04 AM  1000     24914    0.00    1.00    0.00    0.00    1.00     3  talker
11:44:04 AM  1000     24916    0.00    0.00    0.00    0.00    0.00     1  talker

11:44:04 AM   UID       PID    %usr %system  %guest   %wait    %CPU   CPU  Command
11:44:05 AM  1000     24908    0.00    0.00    0.00    0.00    0.00    11  talker
11:44:05 AM  1000     24910    1.00    0.00    0.00    0.00    1.00     4  talker
11:44:05 AM  1000     24912    0.00    0.00    0.00    0.00    0.00     5  talker
11:44:05 AM  1000     24914    0.00    0.00    0.00    0.00    0.00     5  talker
11:44:05 AM  1000     24916    0.00    0.00    0.00    0.00    0.00     1  talker

11:44:05 AM   UID       PID    %usr %system  %guest   %wait    %CPU   CPU  Command
11:44:06 AM  1000     24908    0.00    1.00    0.00    0.00    1.00    11  talker
11:44:06 AM  1000     24910    0.00    1.00    0.00    0.00    1.00     4  talker
11:44:06 AM  1000     24912    1.00    0.00    0.00    0.00    1.00     5  talker
11:44:06 AM  1000     24914    0.00    0.00    0.00    0.00    0.00     5  talker
11:44:06 AM  1000     24916    0.00    0.00    0.00    0.00    0.00     1  talker

11:44:06 AM   UID       PID    %usr %system  %guest   %wait    %CPU   CPU  Command
11:44:07 AM  1000     24908    1.00    0.00    0.00    0.00    1.00    11  talker
11:44:07 AM  1000     24910    0.00    0.00    0.00    0.00    0.00     4  talker
11:44:07 AM  1000     24912    0.00    1.00    0.00    0.00    1.00     5  talker
11:44:07 AM  1000     24914    1.00    1.00    0.00    0.00    2.00     5  talker
11:44:07 AM  1000     24916    0.00    0.00    0.00    0.00    0.00     1  talker

11:44:07 AM   UID       PID    %usr %system  %guest   %wait    %CPU   CPU  Command
11:44:08 AM  1000     24908    0.00    0.00    0.00    0.00    0.00    11  talker
11:44:08 AM  1000     24910    0.00    0.00    0.00    0.00    0.00     4  talker
11:44:08 AM  1000     24912    1.00    0.00    0.00    0.00    1.00     3  talker
11:44:08 AM  1000     24914    0.00    0.00    0.00    0.00    0.00     3  talker
11:44:08 AM  1000     24916    0.00    0.00    0.00    0.00    0.00     1  talker

11:44:08 AM   UID       PID    %usr %system  %guest   %wait    %CPU   CPU  Command
11:44:09 AM  1000     24908    0.00    1.00    0.00    0.00    1.00    11  talker
11:44:09 AM  1000     24910    1.00    0.00    0.00    0.00    1.00     4  talker
11:44:09 AM  1000     24912    0.00    0.00    0.00    0.00    0.00     5  talker
11:44:09 AM  1000     24914    0.00    0.00    0.00    0.00    0.00     5  talker
11:44:09 AM  1000     24916    0.00    0.00    0.00    0.00    0.00     1  talker

11:44:09 AM   UID       PID    %usr %system  %guest   %wait    %CPU   CPU  Command
11:44:10 AM  1000     24908    1.00    0.00    0.00    0.00    1.00    11  talker
11:44:10 AM  1000     24910    1.00    0.00    0.00    0.00    1.00     6  talker
11:44:10 AM  1000     24912    0.00    0.00    0.00    0.00    0.00     3  talker
11:44:10 AM  1000     24914    1.00    1.00    0.00    0.00    2.00     5  talker
11:44:10 AM  1000     24916    0.00    0.00    0.00    0.00    0.00     1  talker

11:44:10 AM   UID       PID    %usr %system  %guest   %wait    %CPU   CPU  Command
11:44:11 AM  1000     24908    0.00    1.00    0.00    0.00    1.00    11  talker
11:44:11 AM  1000     24910    1.00    0.00    0.00    0.00    1.00     6  talker
11:44:11 AM  1000     24912    1.00    0.00    0.00    0.00    1.00     3  talker
11:44:11 AM  1000     24914    0.00    0.00    0.00    0.00    0.00     3  talker
11:44:11 AM  1000     24916    0.00    0.00    0.00    0.00    0.00     1  talker

11:44:11 AM   UID       PID    %usr %system  %guest   %wait    %CPU   CPU  Command
11:44:12 AM  1000     24908    0.00    0.00    0.00    0.00    0.00     4  talker
11:44:12 AM  1000     24910    0.00    1.00    0.00    0.00    1.00     5  talker
11:44:12 AM  1000     24912    0.00    1.00    0.00    0.00    1.00     3  talker
11:44:12 AM  1000     24914    0.00    0.00    0.00    0.00    0.00     3  talker
11:44:12 AM  1000     24916    0.00    0.00    0.00    0.00    0.00     1  talker

11:44:12 AM   UID       PID    %usr %system  %guest   %wait    %CPU   CPU  Command
11:44:13 AM  1000     24908    0.00    1.00    0.00    0.00    1.00    11  talker
11:44:13 AM  1000     24910    0.00    1.00    0.00    0.00    1.00     5  talker
11:44:13 AM  1000     24912    1.00    0.00    0.00    0.00    1.00     5  talker
11:44:13 AM  1000     24914    0.00    0.00    0.00    0.00    0.00     5  talker
11:44:13 AM  1000     24916    0.00    0.00    0.00    0.00    0.00     1  talker

11:44:13 AM   UID       PID    %usr %system  %guest   %wait    %CPU   CPU  Command
11:44:14 AM  1000     24908    0.00    0.00    0.00    0.00    0.00     4  talker
11:44:14 AM  1000     24910    0.00    0.00    0.00    0.00    0.00     5  talker
11:44:14 AM  1000     24912    0.00    0.00    0.00    0.00    0.00     5  talker
11:44:14 AM  1000     24914    1.00    1.00    0.00    0.00    2.00     5  talker
11:44:14 AM  1000     24916    0.00    0.00    0.00    0.00    0.00     1  talker

11:44:14 AM   UID       PID    %usr %system  %guest   %wait    %CPU   CPU  Command
11:44:15 AM  1000     24908    0.00    1.00    0.00    0.00    1.00     4  talker
11:44:15 AM  1000     24910    0.00    1.00    0.00    0.00    1.00     5  talker
11:44:15 AM  1000     24912    0.00    0.00    0.00    0.00    0.00     5  talker
11:44:15 AM  1000     24914    0.00    0.00    0.00    0.00    0.00     5  talker
11:44:15 AM  1000     24916    0.00    0.00    0.00    0.00    0.00     1  talker

11:44:15 AM   UID       PID    %usr %system  %guest   %wait    %CPU   CPU  Command
11:44:16 AM  1000     24908    0.00    0.00    0.00    0.00    0.00     4  talker
11:44:16 AM  1000     24910    0.00    0.00    0.00    0.00    0.00     5  talker
11:44:16 AM  1000     24912    1.00    1.00    0.00    0.00    2.00     3  talker
11:44:16 AM  1000     24914    1.00    0.00    0.00    0.00    1.00     3  talker
11:44:16 AM  1000     24916    0.00    0.00    0.00    0.00    0.00     1  talker

11:44:16 AM   UID       PID    %usr %system  %guest   %wait    %CPU   CPU  Command
11:44:17 AM  1000     24908    1.00    0.00    0.00    0.00    1.00    11  talker
11:44:17 AM  1000     24910    0.00    0.00    0.00    0.00    0.00     6  talker
11:44:17 AM  1000     24912    0.00    0.00    0.00    0.00    0.00     3  talker
11:44:17 AM  1000     24914    0.00    0.00    0.00    0.00    0.00     3  talker
11:44:17 AM  1000     24916    0.00    0.00    0.00    0.00    0.00     1  talker

Average:      UID       PID    %usr %system  %guest   %wait    %CPU   CPU  Command
Average:     1000     24908    0.28    0.35    0.00    0.00    0.63     -  talker
Average:     1000     24910    0.23    0.38    0.00    0.00    0.62     -  talker
Average:     1000     24912    0.40    0.23    0.00    0.00    0.63     -  talker
Average:     1000     24914    0.28    0.28    0.00    0.00    0.57     -  talker
Average:     1000     24916    0.00    0.00    0.00    0.00    0.00     -  talker
