Tracing off-CPU time (us) of PIDs 52050 by kernel stack for 30 secs.

    finish_task_switch.isra.0
    schedule
    exit_to_user_mode_loop
    exit_to_user_mode_prepare
    irqentry_exit_to_user_mode
    irqentry_exit
    sysvec_reschedule_ipi
    asm_sysvec_reschedule_ipi
    -                recvUC (52100)
        9

    finish_task_switch.isra.0
    schedule
    exit_to_user_mode_loop
    exit_to_user_mode_prepare
    irqentry_exit_to_user_mode
    irqentry_exit
    sysvec_apic_timer_interrupt
    asm_sysvec_apic_timer_interrupt
    -                listener (52050)
        10

    finish_task_switch.isra.0
    schedule
    exit_to_user_mode_loop
    exit_to_user_mode_prepare
    irqentry_exit_to_user_mode
    irqentry_exit
    sysvec_call_function_single
    asm_sysvec_call_function_single
    -                dq.builtins (52095)
        14

    finish_task_switch.isra.0
    __cond_resched
    aa_sk_perm
    apparmor_socket_sendmsg
    security_socket_sendmsg
    ____sys_sendmsg
    ___sys_sendmsg
    __sys_sendmsg
    __x64_sys_sendmsg
    x64_sys_call
    do_syscall_64
    entry_SYSCALL_64_after_hwframe
    -                tev (52097)
        18

    finish_task_switch.isra.0
    schedule
    exit_to_user_mode_loop
    exit_to_user_mode_prepare
    syscall_exit_to_user_mode
    do_syscall_64
    entry_SYSCALL_64_after_hwframe
    -                recvUC (52100)
        19

    finish_task_switch.isra.0
    schedule
    exit_to_user_mode_loop
    exit_to_user_mode_prepare
    irqentry_exit_to_user_mode
    irqentry_exit
    sysvec_call_function_single
    asm_sysvec_call_function_single
    -                tev (52097)
        19

    finish_task_switch.isra.0
    schedule
    exit_to_user_mode_loop
    exit_to_user_mode_prepare
    syscall_exit_to_user_mode
    do_syscall_64
    entry_SYSCALL_64_after_hwframe
    -                listener (52050)
        26

    finish_task_switch.isra.0
    __cond_resched
    aa_sk_perm
    apparmor_socket_recvmsg
    security_socket_recvmsg
    sock_recvmsg
    ____sys_recvmsg
    ___sys_recvmsg
    __sys_recvmsg
    __x64_sys_recvmsg
    x64_sys_call
    do_syscall_64
    entry_SYSCALL_64_after_hwframe
    -                recv (52098)
        27

    finish_task_switch.isra.0
    schedule
    schedule_preempt_disabled
    __mutex_lock.constprop.0
    __mutex_lock_slowpath
    mutex_lock
    agnocast_ioctl
    __x64_sys_ioctl
    bpf_trampoline_6442484789
    __x64_sys_ioctl
    do_syscall_64
    entry_SYSCALL_64_after_hwframe
    -                listener (52103)
        33

    finish_task_switch.isra.0
    schedule
    exit_to_user_mode_loop
    exit_to_user_mode_prepare
    irqentry_exit_to_user_mode
    irqentry_exit
    sysvec_reschedule_ipi
    asm_sysvec_reschedule_ipi
    -                tev (52097)
        44

    finish_task_switch.isra.0
    schedule
    exit_to_user_mode_loop
    exit_to_user_mode_prepare
    syscall_exit_to_user_mode
    do_syscall_64
    entry_SYSCALL_64_after_hwframe
    -                gc (52094)
        44

    finish_task_switch.isra.0
    schedule
    exit_to_user_mode_loop
    exit_to_user_mode_prepare
    irqentry_exit_to_user_mode
    irqentry_exit
    sysvec_call_function_single
    asm_sysvec_call_function_single
    -                listener (52103)
        60

    finish_task_switch.isra.0
    schedule
    exit_to_user_mode_loop
    exit_to_user_mode_prepare
    irqentry_exit_to_user_mode
    irqentry_exit
    sysvec_apic_timer_interrupt
    asm_sysvec_apic_timer_interrupt
    -                listener (52103)
        70

    finish_task_switch.isra.0
    schedule
    exit_to_user_mode_loop
    exit_to_user_mode_prepare
    syscall_exit_to_user_mode
    do_syscall_64
    entry_SYSCALL_64_after_hwframe
    -                tev (52097)
        101

    finish_task_switch.isra.0
    schedule
    exit_to_user_mode_loop
    exit_to_user_mode_prepare
    irqentry_exit_to_user_mode
    irqentry_exit
    sysvec_reschedule_ipi
    asm_sysvec_reschedule_ipi
    -                gc (52094)
        101

    finish_task_switch.isra.0
    __cond_resched
    __kmem_cache_alloc_node
    kmalloc_trace
    do_mq_timedreceive
    __x64_sys_mq_timedreceive
    x64_sys_call
    do_syscall_64
    entry_SYSCALL_64_after_hwframe
    -                listener (52103)
        104

    finish_task_switch.isra.0
    schedule
    exit_to_user_mode_loop
    exit_to_user_mode_prepare
    irqentry_exit_to_user_mode
    irqentry_exit
    sysvec_reschedule_ipi
    asm_sysvec_reschedule_ipi
    -                recv (52098)
        151

    finish_task_switch.isra.0
    __cond_resched
    mutex_lock
    agnocast_ioctl
    __x64_sys_ioctl
    bpf_trampoline_6442484789
    __x64_sys_ioctl
    do_syscall_64
    entry_SYSCALL_64_after_hwframe
    -                listener (52103)
        177

    finish_task_switch.isra.0
    __cond_resched
    mutex_lock
    ep_send_events
    ep_poll
    do_epoll_wait
    __x64_sys_epoll_wait
    x64_sys_call
    do_syscall_64
    entry_SYSCALL_64_after_hwframe
    -                listener (52103)
        180

    finish_task_switch.isra.0
    __cond_resched
    do_select
    core_sys_select
    do_pselect.constprop.0
    __x64_sys_pselect6
    x64_sys_call
    do_syscall_64
    entry_SYSCALL_64_after_hwframe
    -                recv (52098)
        238

    finish_task_switch.isra.0
    schedule
    exit_to_user_mode_loop
    exit_to_user_mode_prepare
    syscall_exit_to_user_mode
    do_syscall_64
    entry_SYSCALL_64_after_hwframe
    -                dq.builtins (52095)
        241

    finish_task_switch.isra.0
    schedule
    schedule_preempt_disabled
    __mutex_lock.constprop.0
    __mutex_lock_slowpath
    mutex_lock
    agnocast_ioctl
    __x64_sys_ioctl
    bpf_trampoline_6442484789
    __x64_sys_ioctl
    do_syscall_64
    entry_SYSCALL_64_after_hwframe
    -                listener (52103)
        250

    finish_task_switch.isra.0
    schedule
    exit_to_user_mode_loop
    exit_to_user_mode_prepare
    syscall_exit_to_user_mode
    do_syscall_64
    entry_SYSCALL_64_after_hwframe
    -                recv (52098)
        398

    finish_task_switch.isra.0
    schedule
    exit_to_user_mode_loop
    exit_to_user_mode_prepare
    irqentry_exit_to_user_mode
    irqentry_exit
    sysvec_reschedule_ipi
    asm_sysvec_reschedule_ipi
    -                listener (52050)
        408

    finish_task_switch.isra.0
    schedule
    exit_to_user_mode_loop
    exit_to_user_mode_prepare
    irqentry_exit_to_user_mode
    irqentry_exit
    sysvec_reschedule_ipi
    asm_sysvec_reschedule_ipi
    -                dq.builtins (52095)
        836

    finish_task_switch.isra.0
    schedule
    exit_to_user_mode_loop
    exit_to_user_mode_prepare
    irqentry_exit_to_user_mode
    irqentry_exit
    sysvec_reschedule_ipi
    asm_sysvec_reschedule_ipi
    -                listener (52103)
        1574

    finish_task_switch.isra.0
    schedule
    exit_to_user_mode_loop
    exit_to_user_mode_prepare
    syscall_exit_to_user_mode
    do_syscall_64
    entry_SYSCALL_64_after_hwframe
    -                listener (52103)
        1881

    finish_task_switch.isra.0
    schedule
    schedule_timeout
    __skb_wait_for_more_packets
    __skb_recv_udp
    udp_recvmsg
    inet_recvmsg
    bpf_trampoline_6442551885
    inet_recvmsg
    ____sys_recvmsg
    ___sys_recvmsg
    __sys_recvmsg
    __x64_sys_recvmsg
    x64_sys_call
    do_syscall_64
    entry_SYSCALL_64_after_hwframe
    -                recvUC (52100)
        23997849

    finish_task_switch.isra.0
    schedule
    schedule_hrtimeout_range_clock
    schedule_hrtimeout_range
    ep_poll
    do_epoll_wait
    __x64_sys_epoll_wait
    x64_sys_call
    do_syscall_64
    entry_SYSCALL_64_after_hwframe
    -                listener (52103)
        29725551

    finish_task_switch.isra.0
    schedule
    futex_wait_queue
    futex_wait
    do_futex
    __x64_sys_futex
    x64_sys_call
    do_syscall_64
    entry_SYSCALL_64_after_hwframe
    -                gc (52094)
        29893764

    finish_task_switch.isra.0
    schedule
    futex_wait_queue
    futex_wait
    do_futex
    __x64_sys_futex
    x64_sys_call
    do_syscall_64
    entry_SYSCALL_64_after_hwframe
    -                tev (52097)
        29926209

    finish_task_switch.isra.0
    schedule
    futex_wait_queue
    futex_wait
    do_futex
    __x64_sys_futex
    x64_sys_call
    do_syscall_64
    entry_SYSCALL_64_after_hwframe
    -                listener (52050)
        29932983

    finish_task_switch.isra.0
    schedule
    schedule_hrtimeout_range_clock
    schedule_hrtimeout_range
    do_select
    core_sys_select
    do_pselect.constprop.0
    __x64_sys_pselect6
    x64_sys_call
    do_syscall_64
    entry_SYSCALL_64_after_hwframe
    -                recv (52098)
        29933147

    finish_task_switch.isra.0
    schedule
    futex_wait_queue
    futex_wait
    do_futex
    __x64_sys_futex
    x64_sys_call
    do_syscall_64
    entry_SYSCALL_64_after_hwframe
    -                dq.builtins (52095)
        29950103

