Tracing off-CPU time (us) of PIDs 72080 by kernel stack for 30 secs.

    finish_task_switch.isra.0
    schedule
    exit_to_user_mode_loop
    exit_to_user_mode_prepare
    syscall_exit_to_user_mode
    do_syscall_64
    entry_SYSCALL_64_after_hwframe
    -                gc (72412)
        5

    finish_task_switch.isra.0
    __cond_resched
    mutex_lock
    agnocast_ioctl
    __x64_sys_ioctl
    bpf_trampoline_6442484789
    __x64_sys_ioctl
    do_syscall_64
    entry_SYSCALL_64_after_hwframe
    -                talker (72080)
        6

    finish_task_switch.isra.0
    __cond_resched
    task_work_run
    exit_to_user_mode_loop
    exit_to_user_mode_prepare
    syscall_exit_to_user_mode
    do_syscall_64
    entry_SYSCALL_64_after_hwframe
    -                talker (72550)
        6

    finish_task_switch.isra.0
    __cond_resched
    __alloc_pages
    __folio_alloc
    vma_alloc_folio
    do_anonymous_page
    handle_pte_fault
    __handle_mm_fault
    handle_mm_fault
    do_user_addr_fault
    exc_page_fault
    asm_exc_page_fault
    -                recv (72417)
        7

    finish_task_switch.isra.0
    schedule
    exit_to_user_mode_loop
    exit_to_user_mode_prepare
    irqentry_exit_to_user_mode
    irqentry_exit
    sysvec_call_function_single
    asm_sysvec_call_function_single
    -                talker (72080)
        13

    finish_task_switch.isra.0
    schedule
    exit_to_user_mode_loop
    exit_to_user_mode_prepare
    irqentry_exit_to_user_mode
    irqentry_exit
    common_interrupt
    asm_common_interrupt
    -                talker (72080)
        16

    finish_task_switch.isra.0
    __cond_resched
    aa_sk_perm
    apparmor_socket_sendmsg
    security_socket_sendmsg
    ____sys_sendmsg
    ___sys_sendmsg
    __sys_sendmsg
    __x64_sys_sendmsg
    x64_sys_call
    do_syscall_64
    entry_SYSCALL_64_after_hwframe
    -                tev (72416)
        16

    finish_task_switch.isra.0
    __cond_resched
    __kmem_cache_alloc_node
    kmalloc_trace
    publish_msg
    agnocast_ioctl
    __x64_sys_ioctl
    bpf_trampoline_6442484789
    __x64_sys_ioctl
    do_syscall_64
    entry_SYSCALL_64_after_hwframe
    -                talker (72080)
        17

    finish_task_switch.isra.0
    __cond_resched
    kmem_cache_alloc_node
    __alloc_skb
    alloc_skb_with_frags
    sock_alloc_send_pskb
    __ip_append_data
    ip_make_skb
    udp_sendmsg
    inet_sendmsg
    bpf_trampoline_6442551893
    inet_sendmsg
    ___sys_sendmsg
    __sys_sendmsg
    __x64_sys_sendmsg
    x64_sys_call
    do_syscall_64
    entry_SYSCALL_64_after_hwframe
    -                tev (72416)
        18

    finish_task_switch.isra.0
    schedule
    exit_to_user_mode_loop
    exit_to_user_mode_prepare
    irqentry_exit_to_user_mode
    irqentry_exit
    sysvec_apic_timer_interrupt
    asm_sysvec_apic_timer_interrupt
    -                talker (72080)
        23

    finish_task_switch.isra.0
    schedule
    exit_to_user_mode_loop
    exit_to_user_mode_prepare
    syscall_exit_to_user_mode
    do_syscall_64
    entry_SYSCALL_64_after_hwframe
    -                recvUC (72419)
        27

    finish_task_switch.isra.0
    schedule
    exit_to_user_mode_loop
    exit_to_user_mode_prepare
    irqentry_exit_to_user_mode
    irqentry_exit
    sysvec_reschedule_ipi
    asm_sysvec_reschedule_ipi
    -                gc (72412)
        29

    finish_task_switch.isra.0
    schedule
    exit_to_user_mode_loop
    exit_to_user_mode_prepare
    irqentry_exit_to_user_mode
    irqentry_exit
    sysvec_apic_timer_interrupt
    asm_sysvec_apic_timer_interrupt
    -                dq.builtins (72413)
        30

    finish_task_switch.isra.0
    schedule
    exit_to_user_mode_loop
    exit_to_user_mode_prepare
    irqentry_exit_to_user_mode
    irqentry_exit
    sysvec_call_function_single
    asm_sysvec_call_function_single
    -                tev (72416)
        34

    finish_task_switch.isra.0
    schedule
    exit_to_user_mode_loop
    exit_to_user_mode_prepare
    irqentry_exit_to_user_mode
    irqentry_exit
    exc_page_fault
    asm_exc_page_fault
    -                recv (72417)
        37

    finish_task_switch.isra.0
    __cond_resched
    __kmem_cache_alloc_node
    __kmalloc
    alloc_msg
    load_msg
    do_mq_timedsend
    __x64_sys_mq_timedsend
    x64_sys_call
    do_syscall_64
    entry_SYSCALL_64_after_hwframe
    -                talker (72080)
        39

    finish_task_switch.isra.0
    schedule
    exit_to_user_mode_loop
    exit_to_user_mode_prepare
    irqentry_exit_to_user_mode
    irqentry_exit
    sysvec_call_function_single
    asm_sysvec_call_function_single
    -                recv (72417)
        46

    finish_task_switch.isra.0
    __cond_resched
    aa_sk_perm
    apparmor_socket_recvmsg
    security_socket_recvmsg
    sock_recvmsg
    ____sys_recvmsg
    ___sys_recvmsg
    __sys_recvmsg
    __x64_sys_recvmsg
    x64_sys_call
    do_syscall_64
    entry_SYSCALL_64_after_hwframe
    -                recv (72417)
        49

    finish_task_switch.isra.0
    schedule
    exit_to_user_mode_loop
    exit_to_user_mode_prepare
    irqentry_exit_to_user_mode
    irqentry_exit
    sysvec_call_function_single
    asm_sysvec_call_function_single
    -                dq.builtins (72413)
        60

    finish_task_switch.isra.0
    __cond_resched
    do_select
    core_sys_select
    do_pselect.constprop.0
    __x64_sys_pselect6
    x64_sys_call
    do_syscall_64
    entry_SYSCALL_64_after_hwframe
    -                recv (72417)
        62

    finish_task_switch.isra.0
    schedule
    exit_to_user_mode_loop
    exit_to_user_mode_prepare
    irqentry_exit_to_user_mode
    irqentry_exit
    sysvec_reschedule_ipi
    asm_sysvec_reschedule_ipi
    -                talker (72550)
        121

    finish_task_switch.isra.0
    __cond_resched
    __kmem_cache_alloc_node
    __kmalloc
    security_msg_msg_alloc
    load_msg
    do_mq_timedsend
    __x64_sys_mq_timedsend
    x64_sys_call
    do_syscall_64
    entry_SYSCALL_64_after_hwframe
    -                talker (72080)
        147

    finish_task_switch.isra.0
    schedule
    exit_to_user_mode_loop
    exit_to_user_mode_prepare
    irqentry_exit_to_user_mode
    irqentry_exit
    sysvec_reschedule_ipi
    asm_sysvec_reschedule_ipi
    -                recv (72417)
        153

    finish_task_switch.isra.0
    schedule
    exit_to_user_mode_loop
    exit_to_user_mode_prepare
    syscall_exit_to_user_mode
    do_syscall_64
    entry_SYSCALL_64_after_hwframe
    -                dq.builtins (72413)
        170

    finish_task_switch.isra.0
    schedule
    exit_to_user_mode_loop
    exit_to_user_mode_prepare
    irqentry_exit_to_user_mode
    irqentry_exit
    sysvec_reschedule_ipi
    asm_sysvec_reschedule_ipi
    -                tev (72416)
        250

    finish_task_switch.isra.0
    schedule
    exit_to_user_mode_loop
    exit_to_user_mode_prepare
    syscall_exit_to_user_mode
    do_syscall_64
    entry_SYSCALL_64_after_hwframe
    -                recv (72417)
        355

    finish_task_switch.isra.0
    schedule
    exit_to_user_mode_loop
    exit_to_user_mode_prepare
    syscall_exit_to_user_mode
    do_syscall_64
    entry_SYSCALL_64_after_hwframe
    -                tev (72416)
        586

    finish_task_switch.isra.0
    schedule
    exit_to_user_mode_loop
    exit_to_user_mode_prepare
    irqentry_exit_to_user_mode
    irqentry_exit
    sysvec_reschedule_ipi
    asm_sysvec_reschedule_ipi
    -                dq.builtins (72413)
        1088

    finish_task_switch.isra.0
    schedule
    exit_to_user_mode_loop
    exit_to_user_mode_prepare
    irqentry_exit_to_user_mode
    irqentry_exit
    sysvec_reschedule_ipi
    asm_sysvec_reschedule_ipi
    -                talker (72080)
        1131

    finish_task_switch.isra.0
    schedule
    exit_to_user_mode_loop
    exit_to_user_mode_prepare
    syscall_exit_to_user_mode
    do_syscall_64
    entry_SYSCALL_64_after_hwframe
    -                talker (72080)
        2175

    finish_task_switch.isra.0
    schedule
    schedule_timeout
    __skb_wait_for_more_packets
    __skb_recv_udp
    udp_recvmsg
    inet_recvmsg
    bpf_trampoline_6442551885
    inet_recvmsg
    ____sys_recvmsg
    ___sys_recvmsg
    __sys_recvmsg
    __x64_sys_recvmsg
    x64_sys_call
    do_syscall_64
    entry_SYSCALL_64_after_hwframe
    -                recvUC (72419)
        15998794

    finish_task_switch.isra.0
    schedule
    futex_wait_queue
    futex_wait
    do_futex
    __x64_sys_futex
    x64_sys_call
    do_syscall_64
    entry_SYSCALL_64_after_hwframe
    -                gc (72412)
        27359607

    finish_task_switch.isra.0
    schedule
    futex_wait_queue
    futex_wait
    do_futex
    __x64_sys_futex
    x64_sys_call
    do_syscall_64
    entry_SYSCALL_64_after_hwframe
    -                talker (72080)
        29756213

    finish_task_switch.isra.0
    schedule
    futex_wait_queue
    futex_wait
    do_futex
    __x64_sys_futex
    x64_sys_call
    do_syscall_64
    entry_SYSCALL_64_after_hwframe
    -                tev (72416)
        29864449

    finish_task_switch.isra.0
    schedule
    futex_wait_queue
    futex_wait
    do_futex
    __x64_sys_futex
    x64_sys_call
    do_syscall_64
    entry_SYSCALL_64_after_hwframe
    -                dq.builtins (72413)
        29899311

    finish_task_switch.isra.0
    schedule
    schedule_hrtimeout_range_clock
    schedule_hrtimeout_range
    do_select
    core_sys_select
    do_pselect.constprop.0
    __x64_sys_pselect6
    x64_sys_call
    do_syscall_64
    entry_SYSCALL_64_after_hwframe
    -                recv (72417)
        29923919

    finish_task_switch.isra.0
    schedule
    schedule_hrtimeout_range_clock
    schedule_hrtimeout_range
    ep_poll
    do_epoll_wait
    __x64_sys_epoll_wait
    x64_sys_call
    do_syscall_64
    entry_SYSCALL_64_after_hwframe
    -                talker (72550)
        29986743

