Tracing off-CPU time (us) of PIDs 68710 by kernel stack for 30 secs.

    finish_task_switch.isra.0
    schedule
    exit_to_user_mode_loop
    exit_to_user_mode_prepare
    irqentry_exit_to_user_mode
    irqentry_exit
    sysvec_reschedule_ipi
    asm_sysvec_reschedule_ipi
    -                talker (69029)
        7

    finish_task_switch.isra.0
    __cond_resched
    kmem_cache_alloc_node
    kmalloc_reserve
    __alloc_skb
    alloc_skb_with_frags
    sock_alloc_send_pskb
    __ip_append_data
    ip_make_skb
    udp_sendmsg
    inet_sendmsg
    bpf_trampoline_6442551893
    inet_sendmsg
    ___sys_sendmsg
    __sys_sendmsg
    __x64_sys_sendmsg
    x64_sys_call
    do_syscall_64
    entry_SYSCALL_64_after_hwframe
    -                tev (69003)
        11

    finish_task_switch.isra.0
    schedule
    exit_to_user_mode_loop
    exit_to_user_mode_prepare
    irqentry_exit_to_user_mode
    irqentry_exit
    common_interrupt
    asm_common_interrupt
    -                talker (68710)
        21

    finish_task_switch.isra.0
    __cond_resched
    aa_sk_perm
    apparmor_socket_recvmsg
    security_socket_recvmsg
    sock_recvmsg
    ____sys_recvmsg
    ___sys_recvmsg
    __sys_recvmsg
    __x64_sys_recvmsg
    x64_sys_call
    do_syscall_64
    entry_SYSCALL_64_after_hwframe
    -                recvUC (69006)
        23

    finish_task_switch.isra.0
    schedule
    schedule_preempt_disabled
    __mutex_lock.constprop.0
    __mutex_lock_slowpath
    mutex_lock
    agnocast_ioctl
    __x64_sys_ioctl
    bpf_trampoline_6442484789
    __x64_sys_ioctl
    do_syscall_64
    entry_SYSCALL_64_after_hwframe
    -                talker (68710)
        32

    finish_task_switch.isra.0
    schedule
    exit_to_user_mode_loop
    exit_to_user_mode_prepare
    irqentry_exit_to_user_mode
    irqentry_exit
    sysvec_call_function_single
    asm_sysvec_call_function_single
    -                recvUC (69006)
        35

    finish_task_switch.isra.0
    schedule
    exit_to_user_mode_loop
    exit_to_user_mode_prepare
    irqentry_exit_to_user_mode
    irqentry_exit
    sysvec_reschedule_ipi
    asm_sysvec_reschedule_ipi
    -                recvMC (69005)
        37

    finish_task_switch.isra.0
    schedule
    exit_to_user_mode_loop
    exit_to_user_mode_prepare
    irqentry_exit_to_user_mode
    irqentry_exit
    sysvec_apic_timer_interrupt
    asm_sysvec_apic_timer_interrupt
    -                dq.builtins (68999)
        37

    finish_task_switch.isra.0
    __cond_resched
    mutex_lock
    agnocast_ioctl
    __x64_sys_ioctl
    bpf_trampoline_6442484789
    __x64_sys_ioctl
    do_syscall_64
    entry_SYSCALL_64_after_hwframe
    -                talker (68710)
        54

    finish_task_switch.isra.0
    __cond_resched
    __kmem_cache_alloc_node
    kmalloc_trace
    publish_msg
    agnocast_ioctl
    __x64_sys_ioctl
    bpf_trampoline_6442484789
    __x64_sys_ioctl
    do_syscall_64
    entry_SYSCALL_64_after_hwframe
    -                talker (68710)
        59

    finish_task_switch.isra.0
    schedule
    exit_to_user_mode_loop
    exit_to_user_mode_prepare
    syscall_exit_to_user_mode
    do_syscall_64
    entry_SYSCALL_64_after_hwframe
    -                gc (68997)
        62

    finish_task_switch.isra.0
    __cond_resched
    aa_sk_perm
    apparmor_socket_recvmsg
    security_socket_recvmsg
    sock_recvmsg
    ____sys_recvmsg
    ___sys_recvmsg
    __sys_recvmsg
    __x64_sys_recvmsg
    x64_sys_call
    do_syscall_64
    entry_SYSCALL_64_after_hwframe
    -                recv (69004)
        63

    finish_task_switch.isra.0
    schedule
    exit_to_user_mode_loop
    exit_to_user_mode_prepare
    syscall_exit_to_user_mode
    do_syscall_64
    entry_SYSCALL_64_after_hwframe
    -                recvMC (69005)
        64

    finish_task_switch.isra.0
    schedule
    exit_to_user_mode_loop
    exit_to_user_mode_prepare
    syscall_exit_to_user_mode
    do_syscall_64
    entry_SYSCALL_64_after_hwframe
    -                talker (69162)
        65

    finish_task_switch.isra.0
    schedule
    futex_wait_queue
    futex_wait
    do_futex
    __x64_sys_futex
    x64_sys_call
    do_syscall_64
    entry_SYSCALL_64_after_hwframe
    -                recv (69004)
        80

    finish_task_switch.isra.0
    schedule
    exit_to_user_mode_loop
    exit_to_user_mode_prepare
    syscall_exit_to_user_mode
    do_syscall_64
    entry_SYSCALL_64_after_hwframe
    -                recvUC (69006)
        83

    finish_task_switch.isra.0
    schedule
    exit_to_user_mode_loop
    exit_to_user_mode_prepare
    irqentry_exit_to_user_mode
    irqentry_exit
    common_interrupt
    asm_common_interrupt
    -                recv (69004)
        84

    finish_task_switch.isra.0
    schedule
    exit_to_user_mode_loop
    exit_to_user_mode_prepare
    irqentry_exit_to_user_mode
    irqentry_exit
    sysvec_reschedule_ipi
    asm_sysvec_reschedule_ipi
    -                recvUC (69006)
        100

    finish_task_switch.isra.0
    schedule
    exit_to_user_mode_loop
    exit_to_user_mode_prepare
    syscall_exit_to_user_mode
    do_syscall_64
    entry_SYSCALL_64_after_hwframe
    -                dq.builtins (68999)
        106

    finish_task_switch.isra.0
    schedule
    exit_to_user_mode_loop
    exit_to_user_mode_prepare
    irqentry_exit_to_user_mode
    irqentry_exit
    sysvec_reschedule_ipi
    asm_sysvec_reschedule_ipi
    -                talker (69162)
        119

    finish_task_switch.isra.0
    schedule
    exit_to_user_mode_loop
    exit_to_user_mode_prepare
    irqentry_exit_to_user_mode
    irqentry_exit
    sysvec_reschedule_ipi
    asm_sysvec_reschedule_ipi
    -                gc (68997)
        125

    finish_task_switch.isra.0
    schedule
    schedule_preempt_disabled
    __mutex_lock.constprop.0
    __mutex_lock_slowpath
    mutex_lock
    agnocast_ioctl
    __x64_sys_ioctl
    bpf_trampoline_6442484789
    __x64_sys_ioctl
    do_syscall_64
    entry_SYSCALL_64_after_hwframe
    -                talker (68710)
        126

    finish_task_switch.isra.0
    schedule
    exit_to_user_mode_loop
    exit_to_user_mode_prepare
    irqentry_exit_to_user_mode
    irqentry_exit
    sysvec_call_function_single
    asm_sysvec_call_function_single
    -                tev (69003)
        131

    finish_task_switch.isra.0
    schedule
    exit_to_user_mode_loop
    exit_to_user_mode_prepare
    irqentry_exit_to_user_mode
    irqentry_exit
    sysvec_apic_timer_interrupt
    asm_sysvec_apic_timer_interrupt
    -                recv (69004)
        157

    finish_task_switch.isra.0
    schedule
    exit_to_user_mode_loop
    exit_to_user_mode_prepare
    irqentry_exit_to_user_mode
    irqentry_exit
    sysvec_apic_timer_interrupt
    asm_sysvec_apic_timer_interrupt
    -                talker (68710)
        170

    finish_task_switch.isra.0
    __cond_resched
    kmem_cache_alloc_node
    __alloc_skb
    alloc_skb_with_frags
    sock_alloc_send_pskb
    __ip_append_data
    ip_make_skb
    udp_sendmsg
    inet_sendmsg
    bpf_trampoline_6442551893
    inet_sendmsg
    ___sys_sendmsg
    __sys_sendmsg
    __x64_sys_sendmsg
    x64_sys_call
    do_syscall_64
    entry_SYSCALL_64_after_hwframe
    -                tev (69003)
        211

    finish_task_switch.isra.0
    schedule
    exit_to_user_mode_loop
    exit_to_user_mode_prepare
    irqentry_exit_to_user_mode
    irqentry_exit
    sysvec_call_function_single
    asm_sysvec_call_function_single
    -                dq.builtins (68999)
        254

    finish_task_switch.isra.0
    schedule
    exit_to_user_mode_loop
    exit_to_user_mode_prepare
    irqentry_exit_to_user_mode
    irqentry_exit
    sysvec_apic_timer_interrupt
    asm_sysvec_apic_timer_interrupt
    -                tev (69003)
        284

    finish_task_switch.isra.0
    schedule
    exit_to_user_mode_loop
    exit_to_user_mode_prepare
    irqentry_exit_to_user_mode
    irqentry_exit
    sysvec_call_function_single
    asm_sysvec_call_function_single
    -                talker (68710)
        284

    finish_task_switch.isra.0
    __cond_resched
    aa_sk_perm
    apparmor_socket_sendmsg
    security_socket_sendmsg
    ____sys_sendmsg
    ___sys_sendmsg
    __sys_sendmsg
    __x64_sys_sendmsg
    x64_sys_call
    do_syscall_64
    entry_SYSCALL_64_after_hwframe
    -                tev (69003)
        288

    finish_task_switch.isra.0
    schedule
    exit_to_user_mode_loop
    exit_to_user_mode_prepare
    irqentry_exit_to_user_mode
    irqentry_exit
    sysvec_call_function_single
    asm_sysvec_call_function_single
    -                recv (69004)
        340

    finish_task_switch.isra.0
    __cond_resched
    do_select
    core_sys_select
    do_pselect.constprop.0
    __x64_sys_pselect6
    x64_sys_call
    do_syscall_64
    entry_SYSCALL_64_after_hwframe
    -                recv (69004)
        551

    finish_task_switch.isra.0
    __cond_resched
    __kmem_cache_alloc_node
    __kmalloc
    alloc_msg
    load_msg
    do_mq_timedsend
    __x64_sys_mq_timedsend
    x64_sys_call
    do_syscall_64
    entry_SYSCALL_64_after_hwframe
    -                talker (68710)
        865

    finish_task_switch.isra.0
    schedule
    exit_to_user_mode_loop
    exit_to_user_mode_prepare
    irqentry_exit_to_user_mode
    irqentry_exit
    sysvec_reschedule_ipi
    asm_sysvec_reschedule_ipi
    -                dq.builtins (68999)
        922

    finish_task_switch.isra.0
    __cond_resched
    __kmem_cache_alloc_node
    __kmalloc
    security_msg_msg_alloc
    load_msg
    do_mq_timedsend
    __x64_sys_mq_timedsend
    x64_sys_call
    do_syscall_64
    entry_SYSCALL_64_after_hwframe
    -                talker (68710)
        1025

    finish_task_switch.isra.0
    schedule
    exit_to_user_mode_loop
    exit_to_user_mode_prepare
    irqentry_exit_to_user_mode
    irqentry_exit
    sysvec_reschedule_ipi
    asm_sysvec_reschedule_ipi
    -                recv (69004)
        1062

    finish_task_switch.isra.0
    schedule
    exit_to_user_mode_loop
    exit_to_user_mode_prepare
    syscall_exit_to_user_mode
    do_syscall_64
    entry_SYSCALL_64_after_hwframe
    -                recv (69004)
        2024

    finish_task_switch.isra.0
    schedule
    exit_to_user_mode_loop
    exit_to_user_mode_prepare
    irqentry_exit_to_user_mode
    irqentry_exit
    sysvec_reschedule_ipi
    asm_sysvec_reschedule_ipi
    -                tev (69003)
        2375

    finish_task_switch.isra.0
    schedule
    exit_to_user_mode_loop
    exit_to_user_mode_prepare
    syscall_exit_to_user_mode
    do_syscall_64
    entry_SYSCALL_64_after_hwframe
    -                tev (69003)
        3388

    finish_task_switch.isra.0
    schedule
    futex_wait_queue
    futex_wait
    do_futex
    __x64_sys_futex
    x64_sys_call
    do_syscall_64
    entry_SYSCALL_64_after_hwframe
    -                dq.user (69001)
        5687

    finish_task_switch.isra.0
    schedule
    exit_to_user_mode_loop
    exit_to_user_mode_prepare
    irqentry_exit_to_user_mode
    irqentry_exit
    sysvec_reschedule_ipi
    asm_sysvec_reschedule_ipi
    -                talker (68710)
        5963

    finish_task_switch.isra.0
    schedule
    exit_to_user_mode_loop
    exit_to_user_mode_prepare
    syscall_exit_to_user_mode
    do_syscall_64
    entry_SYSCALL_64_after_hwframe
    -                talker (68710)
        26341

    finish_task_switch.isra.0
    schedule
    futex_wait_queue
    futex_wait
    do_futex
    __x64_sys_futex
    x64_sys_call
    do_syscall_64
    entry_SYSCALL_64_after_hwframe
    -                talker (69029)
        683257

    finish_task_switch.isra.0
    schedule
    schedule_timeout
    __skb_wait_for_more_packets
    __skb_recv_udp
    udp_recvmsg
    inet_recvmsg
    bpf_trampoline_6442551885
    inet_recvmsg
    ____sys_recvmsg
    ___sys_recvmsg
    __sys_recvmsg
    __x64_sys_recvmsg
    x64_sys_call
    do_syscall_64
    entry_SYSCALL_64_after_hwframe
    -                recvMC (69005)
        3561442

    finish_task_switch.isra.0
    schedule
    futex_wait_queue
    futex_wait
    do_futex
    __x64_sys_futex
    x64_sys_call
    do_syscall_64
    entry_SYSCALL_64_after_hwframe
    -                gc (68997)
        28804921

    finish_task_switch.isra.0
    schedule
    schedule_timeout
    __skb_wait_for_more_packets
    __skb_recv_udp
    udp_recvmsg
    inet_recvmsg
    bpf_trampoline_6442551885
    inet_recvmsg
    ____sys_recvmsg
    ___sys_recvmsg
    __sys_recvmsg
    __x64_sys_recvmsg
    x64_sys_call
    do_syscall_64
    entry_SYSCALL_64_after_hwframe
    -                recvUC (69006)
        29514301

    finish_task_switch.isra.0
    schedule
    futex_wait_queue
    futex_wait
    do_futex
    __x64_sys_futex
    x64_sys_call
    do_syscall_64
    entry_SYSCALL_64_after_hwframe
    -                talker (68710)
        29658820

    finish_task_switch.isra.0
    schedule
    schedule_hrtimeout_range_clock
    schedule_hrtimeout_range
    do_select
    core_sys_select
    do_pselect.constprop.0
    __x64_sys_pselect6
    x64_sys_call
    do_syscall_64
    entry_SYSCALL_64_after_hwframe
    -                recv (69004)
        29945620

    finish_task_switch.isra.0
    schedule
    futex_wait_queue
    futex_wait
    do_futex
    __x64_sys_futex
    x64_sys_call
    do_syscall_64
    entry_SYSCALL_64_after_hwframe
    -                tev (69003)
        29955695

    finish_task_switch.isra.0
    schedule
    futex_wait_queue
    futex_wait
    do_futex
    __x64_sys_futex
    x64_sys_call
    do_syscall_64
    entry_SYSCALL_64_after_hwframe
    -                dq.builtins (68999)
        29971646

    finish_task_switch.isra.0
    schedule
    schedule_hrtimeout_range_clock
    schedule_hrtimeout_range
    ep_poll
    do_epoll_wait
    __x64_sys_epoll_wait
    x64_sys_call
    do_syscall_64
    entry_SYSCALL_64_after_hwframe
    -                talker (69162)
        29975241

